Component: ARM Compiler 5.06 update 7 (build 960) Tool: armlink [4d3601]

==============================================================================

Section Cross References

    startup_stm32f103xb.o(STACK) refers (Special) to heapauxi.o(.text) for __use_two_region_memory
    startup_stm32f103xb.o(HEAP) refers (Special) to heapauxi.o(.text) for __use_two_region_memory
    startup_stm32f103xb.o(RESET) refers (Special) to heapauxi.o(.text) for __use_two_region_memory
    startup_stm32f103xb.o(RESET) refers to startup_stm32f103xb.o(STACK) for __initial_sp
    startup_stm32f103xb.o(RESET) refers to startup_stm32f103xb.o(.text) for Reset_Handler
    startup_stm32f103xb.o(RESET) refers to stm32f1xx_it.o(i.NMI_Handler) for NMI_Handler
    startup_stm32f103xb.o(RESET) refers to stm32f1xx_it.o(i.HardFault_Handler) for HardFault_Handler
    startup_stm32f103xb.o(RESET) refers to stm32f1xx_it.o(i.MemManage_Handler) for MemManage_Handler
    startup_stm32f103xb.o(RESET) refers to stm32f1xx_it.o(i.BusFault_Handler) for BusFault_Handler
    startup_stm32f103xb.o(RESET) refers to stm32f1xx_it.o(i.UsageFault_Handler) for UsageFault_Handler
    startup_stm32f103xb.o(RESET) refers to port.o(.emb_text) for SVC_Handler
    startup_stm32f103xb.o(RESET) refers to stm32f1xx_it.o(i.DebugMon_Handler) for DebugMon_Handler
    startup_stm32f103xb.o(RESET) refers to cmsis_os2.o(i.SysTick_Handler) for SysTick_Handler
    startup_stm32f103xb.o(RESET) refers to stm32f1xx_it.o(i.TIM4_IRQHandler) for TIM4_IRQHandler
    startup_stm32f103xb.o(.text) refers (Special) to heapauxi.o(.text) for __use_two_region_memory
    startup_stm32f103xb.o(.text) refers to system_stm32f1xx.o(i.SystemInit) for SystemInit
    startup_stm32f103xb.o(.text) refers to __main.o(!!!main) for __main
    startup_stm32f103xb.o(.text) refers to startup_stm32f103xb.o(HEAP) for Heap_Mem
    startup_stm32f103xb.o(.text) refers to startup_stm32f103xb.o(STACK) for Stack_Mem
    main.o(i.HAL_TIM_PeriodElapsedCallback) refers to stm32f1xx_hal.o(i.HAL_IncTick) for HAL_IncTick
    main.o(i.SystemClock_Config) refers to rt_memclr_w.o(.text) for __aeabi_memclr4
    main.o(i.SystemClock_Config) refers to stm32f1xx_hal_rcc.o(i.HAL_RCC_OscConfig) for HAL_RCC_OscConfig
    main.o(i.SystemClock_Config) refers to stm32f1xx_hal_rcc.o(i.HAL_RCC_ClockConfig) for HAL_RCC_ClockConfig
    main.o(i.main) refers to stm32f1xx_hal.o(i.HAL_Init) for HAL_Init
    main.o(i.main) refers to main.o(i.SystemClock_Config) for SystemClock_Config
    main.o(i.main) refers to gpio.o(i.MX_GPIO_Init) for MX_GPIO_Init
    main.o(i.main) refers to usart.o(i.MX_USART2_UART_Init) for MX_USART2_UART_Init
    main.o(i.main) refers to i2c.o(i.MX_I2C1_Init) for MX_I2C1_Init
    main.o(i.main) refers to tim.o(i.MX_TIM2_Init) for MX_TIM2_Init
    main.o(i.main) refers to cmsis_os2.o(i.osKernelInitialize) for osKernelInitialize
    main.o(i.main) refers to freertos.o(i.MX_FREERTOS_Init) for MX_FREERTOS_Init
    main.o(i.main) refers to cmsis_os2.o(i.osKernelStart) for osKernelStart
    freertos.o(i.MX_FREERTOS_Init) refers to user_tasksinit.o(i.User_Tasks_Init) for User_Tasks_Init
    freertos.o(i.MX_FREERTOS_Init) refers to cmsis_os2.o(i.osThreadNew) for osThreadNew
    freertos.o(i.MX_FREERTOS_Init) refers to freertos.o(.constdata) for .constdata
    freertos.o(i.MX_FREERTOS_Init) refers to freertos.o(i.StartDefaultTask) for StartDefaultTask
    freertos.o(i.MX_FREERTOS_Init) refers to freertos.o(.data) for .data
    freertos.o(i.StartDefaultTask) refers to cmsis_os2.o(i.osDelay) for osDelay
    freertos.o(.constdata) refers to freertos.o(.conststring) for .conststring
    i2c.o(i.HAL_I2C_MspDeInit) refers to stm32f1xx_hal_gpio.o(i.HAL_GPIO_DeInit) for HAL_GPIO_DeInit
    i2c.o(i.HAL_I2C_MspInit) refers to stm32f1xx_hal_gpio.o(i.HAL_GPIO_Init) for HAL_GPIO_Init
    i2c.o(i.MX_I2C1_Init) refers to stm32f1xx_hal_i2c.o(i.HAL_I2C_Init) for HAL_I2C_Init
    i2c.o(i.MX_I2C1_Init) refers to main.o(i.Error_Handler) for Error_Handler
    i2c.o(i.MX_I2C1_Init) refers to i2c.o(.bss) for .bss
    tim.o(i.HAL_TIM_MspPostInit) refers to stm32f1xx_hal_gpio.o(i.HAL_GPIO_Init) for HAL_GPIO_Init
    tim.o(i.MX_TIM2_Init) refers to rt_memclr_w.o(.text) for __aeabi_memclr4
    tim.o(i.MX_TIM2_Init) refers to stm32f1xx_hal_tim.o(i.HAL_TIM_PWM_Init) for HAL_TIM_PWM_Init
    tim.o(i.MX_TIM2_Init) refers to main.o(i.Error_Handler) for Error_Handler
    tim.o(i.MX_TIM2_Init) refers to stm32f1xx_hal_tim_ex.o(i.HAL_TIMEx_MasterConfigSynchronization) for HAL_TIMEx_MasterConfigSynchronization
    tim.o(i.MX_TIM2_Init) refers to stm32f1xx_hal_tim.o(i.HAL_TIM_PWM_ConfigChannel) for HAL_TIM_PWM_ConfigChannel
    tim.o(i.MX_TIM2_Init) refers to tim.o(i.HAL_TIM_MspPostInit) for HAL_TIM_MspPostInit
    tim.o(i.MX_TIM2_Init) refers to tim.o(.bss) for .bss
    usart.o(i.HAL_UART_MspDeInit) refers to stm32f1xx_hal_gpio.o(i.HAL_GPIO_DeInit) for HAL_GPIO_DeInit
[...]
    i.vQueueWaitForMessageRestricted         0x08003c84   Section        0  queue.o(i.vQueueWaitForMessageRestricted)
    i.vTaskDelay                             0x08003cc8   Section        0  tasks.o(i.vTaskDelay)
    i.vTaskInternalSetTimeOutState           0x08003d14   Section        0  tasks.o(i.vTaskInternalSetTimeOutState)
    i.vTaskMissedYield                       0x08003d24   Section        0  tasks.o(i.vTaskMissedYield)
    i.vTaskPlaceOnEventList                  0x08003d30   Section        0  tasks.o(i.vTaskPlaceOnEventList)
    i.vTaskPlaceOnEventListRestricted        0x08003d60   Section        0  tasks.o(i.vTaskPlaceOnEventListRestricted)
    i.vTaskStartScheduler                    0x08003d98   Section        0  tasks.o(i.vTaskStartScheduler)
    i.vTaskSuspendAll                        0x08003e20   Section        0  tasks.o(i.vTaskSuspendAll)
    i.vTaskSwitchContext                     0x08003e30   Section        0  tasks.o(i.vTaskSwitchContext)
    i.xPortStartScheduler                    0x08003e94   Section        0  port.o(i.xPortStartScheduler)
    i.xPortSysTickHandler                    0x08003f3c   Section        0  port.o(i.xPortSysTickHandler)
    i.xQueueGenericCreate                    0x08003f68   Section        0  queue.o(i.xQueueGenericCreate)
    i.xQueueGenericCreateStatic              0x08003faa   Section        0  queue.o(i.xQueueGenericCreateStatic)
    i.xQueueGenericReset                     0x08004010   Section        0  queue.o(i.xQueueGenericReset)
    i.xQueueGenericSend                      0x08004098   Section        0  queue.o(i.xQueueGenericSend)
    i.xQueueGenericSendFromISR               0x080041f8   Section        0  queue.o(i.xQueueGenericSendFromISR)
    i.xQueueReceive                          0x080042b8   Section        0  queue.o(i.xQueueReceive)
    i.xQueueReceiveFromISR                   0x080043f0   Section        0  queue.o(i.xQueueReceiveFromISR)
    i.xTaskCheckForTimeOut                   0x0800448c   Section        0  tasks.o(i.xTaskCheckForTimeOut)
    i.xTaskCreate                            0x08004500   Section        0  tasks.o(i.xTaskCreate)
    i.xTaskCreateStatic                      0x0800455a   Section        0  tasks.o(i.xTaskCreateStatic)
    i.xTaskGetSchedulerState                 0x080045b0   Section        0  tasks.o(i.xTaskGetSchedulerState)
    i.xTaskGetTickCount                      0x080045cc   Section        0  tasks.o(i.xTaskGetTickCount)
    i.xTaskIncrementTick                     0x080045d8   Section        0  tasks.o(i.xTaskIncrementTick)
    i.xTaskPriorityDisinherit                0x080046a0   Section        0  tasks.o(i.xTaskPriorityDisinherit)
    i.xTaskRemoveFromEventList               0x08004720   Section        0  tasks.o(i.xTaskRemoveFromEventList)
    i.xTaskResumeAll                         0x08004790   Section        0  tasks.o(i.xTaskResumeAll)
    i.xTimerCreateTimerTask                  0x08004854   Section        0  timers.o(i.xTimerCreateTimerTask)
    i.xTimerGenericCommand                   0x080048b4   Section        0  timers.o(i.xTimerGenericCommand)
    .constdata                               0x0800491c   Section       36  freertos.o(.constdata)
    .constdata                               0x08004940   Section       18  stm32f1xx_hal_rcc.o(.constdata)
    aPredivFactorTable                       0x08004940   Data           2  stm32f1xx_hal_rcc.o(.constdata)
    aPLLMULFactorTable                       0x08004942   Data          16  stm32f1xx_hal_rcc.o(.constdata)
    .constdata                               0x08004952   Section       16  system_stm32f1xx.o(.constdata)
    .constdata                               0x08004962   Section        8  system_stm32f1xx.o(.constdata)
    .constdata                               0x0800496a   Section     1520  font.o(.constdata)
    .constdata                               0x08004f5c   Section        8  font.o(.constdata)
    .constdata                               0x08004f64   Section      144  font.o(.constdata)
    .constdata                               0x08004ff4   Section       16  font.o(.constdata)
    .constdata                               0x08005004   Section     1024  font.o(.constdata)
    .constdata                               0x08005404   Section        8  font.o(.constdata)
    .constdata                               0x0800540c   Section      144  user_tasksinit.o(.constdata)
    .conststring                             0x0800549c   Section       12  freertos.o(.conststring)
    .conststring                             0x080054a8   Section       48  user_tasksinit.o(.conststring)
    .conststring                             0x080054d8   Section      112  user_menutask.o(.conststring)
    .data                                    0x20000000   Section        4  freertos.o(.data)
    .data                                    0x20000004   Section       12  stm32f1xx_hal.o(.data)
    .data                                    0x20000010   Section        4  system_stm32f1xx.o(.data)
    .data                                    0x20000014   Section       60  tasks.o(.data)
    uxDeletedTasksWaitingCleanUp             0x20000018   Data           4  tasks.o(.data)
    uxCurrentNumberOfTasks                   0x2000001c   Data           4  tasks.o(.data)
    xTickCount                               0x20000020   Data           4  tasks.o(.data)
    uxTopReadyPriority                       0x20000024   Data           4  tasks.o(.data)
    xSchedulerRunning                        0x20000028   Data           4  tasks.o(.data)
    xPendedTicks                             0x2000002c   Data           4  tasks.o(.data)
    xYieldPending                            0x20000030   Data           4  tasks.o(.data)
    xNumOfOverflows                          0x20000034   Data           4  tasks.o(.data)
    uxTaskNumber                             0x20000038   Data           4  tasks.o(.data)
    xNextTaskUnblockTime                     0x2000003c   Data           4  tasks.o(.data)
    xIdleTaskHandle                          0x20000040   Data           4  tasks.o(.data)
    uxSchedulerSuspended                     0x20000044   Data           4  tasks.o(.data)
    pxDelayedTaskList                        0x20000048   Data           4  tasks.o(.data)
    pxOverflowDelayedTaskList                0x2000004c   Data           4  tasks.o(.data)
    .data                                    0x20000050   Section       20  timers.o(.data)
    xTimerQueue                              0x20000050   Data           4  timers.o(.data)
    xTimerTaskHandle                         0x20000054   Data           4  timers.o(.data)
    xLastTime                                0x20000058   Data           4  timers.o(.data)
    pxCurrentTimerList                       0x2000005c   Data           4  timers.o(.data)
    pxOverflowTimerList                      0x20000060   Data           4  timers.o(.data)
    .data                                    0x20000064   Section        4  cmsis_os2.o(.data)
    KernelState                              0x20000064   Data           4  cmsis_os2.o(.data)
    .data                                    0x20000068   Section       32  heap_4.o(.data)
    pxEnd                                    0x20000068   Data           4  heap_4.o(.data)
    xFreeBytesRemaining                      0x2000006c   Data           4  heap_4.o(.data)
    xMinimumEverFreeBytesRemaining           0x20000070   Data           4  heap_4.o(.data)
    xNumberOfSuccessfulAllocations           0x20000074   Data           4  heap_4.o(.data)
    xNumberOfSuccessfulFrees                 0x20000078   Data           4  heap_4.o(.data)
    xBlockAllocatedBit                       0x2000007c   Data           4  heap_4.o(.data)
    xStart                                   0x20000080   Data           8  heap_4.o(.data)
    .data                                    0x20000088   Section       12  port.o(.data)
    ucMaxSysCallPriority                     0x20000088   Data           1  port.o(.data)
    uxCriticalNesting                        0x2000008c   Data           4  port.o(.data)
    ulMaxPRIGROUPValue                       0x20000090   Data           4  port.o(.data)
    .data                                    0x20000094   Section        4  oled.o(.data)
    temp                                     0x20000094   Data           1  oled.o(.data)
    temp                                     0x20000095   Data           1  oled.o(.data)
    sendBuffer                               0x20000096   Data           2  oled.o(.data)
    .data                                    0x20000098   Section       24  user_tasksinit.o(.data)
    .data                                    0x200000b0   Section      440  user_menutask.o(.data)
    .data                                    0x20000268   Section       20  user_cardchecktask.o(.data)
    .bss                                     0x2000027c   Section       84  i2c.o(.bss)
    .bss                                     0x200002d0   Section       72  tim.o(.bss)
    .bss                                     0x20000318   Section       72  usart.o(.bss)
    .bss                                     0x20000360   Section       72  stm32f1xx_hal_timebase_tim.o(.bss)
    .bss                                     0x200003a8   Section       64  queue.o(.bss)
    .bss                                     0x200003e8   Section     1220  tasks.o(.bss)
    pxReadyTasksLists                        0x200003e8   Data        1120  tasks.o(.bss)
    xDelayedTaskList1                        0x20000848   Data          20  tasks.o(.bss)
    xDelayedTaskList2                        0x2000085c   Data          20  tasks.o(.bss)
    xPendingReadyList                        0x20000870   Data          20  tasks.o(.bss)
    xTasksWaitingTermination                 0x20000884   Data          20  tasks.o(.bss)
    xSuspendedTaskList                       0x20000898   Data          20  tasks.o(.bss)
    .bss                                     0x200008ac   Section      280  timers.o(.bss)
    xStaticTimerQueue                        0x200008ac   Data          80  timers.o(.bss)
    ucStaticTimerQueueStorage                0x200008fc   Data         160  timers.o(.bss)
    xActiveTimerList1                        0x2000099c   Data          20  timers.o(.bss)
    xActiveTimerList2                        0x200009b0   Data          20  timers.o(.bss)
    .bss                                     0x200009c4   Section     1720  cmsis_os2.o(.bss)
    Idle_TCB                                 0x200009c4   Data          92  cmsis_os2.o(.bss)
    Idle_Stack                               0x20000a20   Data         512  cmsis_os2.o(.bss)
    Timer_TCB                                0x20000c20   Data          92  cmsis_os2.o(.bss)
    Timer_Stack                              0x20000c7c   Data        1024  cmsis_os2.o(.bss)
    .bss                                     0x2000107c   Section     3072  heap_4.o(.bss)
    ucHeap                                   0x2000107c   Data        3072  heap_4.o(.bss)
    .bss                                     0x20001c7c   Section     1153  oled.o(.bss)
    sendBuffer                               0x20001c7c   Data         129  oled.o(.bss)
    .bss                                     0x20002100   Section       40  user_cardchecktask.o(.bss)
    .bss                                     0x20002128   Section       96  libspace.o(.bss)
    HEAP                                     0x20002188   Section      512  startup_stm32f103xb.o(HEAP)
    Heap_Mem                                 0x20002188   Data         512  startup_stm32f103xb.o(HEAP)
    STACK                                    0x20002388   Section     1024  startup_stm32f103xb.o(STACK)
    Stack_Mem                                0x20002388   Data        1024  startup_stm32f103xb.o(STACK)
    __initial_sp                             0x20002788   Data           0  startup_stm32f103xb.o(STACK)

    Global Symbols

    Symbol Name                              Value     Ov Type        Size  Object(Section)

    BuildAttributes$$THM_ISAv4$P$D$K$B$S$PE$A:L22UL41UL21$X:L11$S22US41US21$IEEE1$IW$USESV6$~STKCKD$USESV7$~SHL$OSPACE$ROPI$EBA8$UX$STANDARDLIB$REQ8$PRES8$EABIv2 0x00000000   Number         0  anon$$obj.o ABSOLUTE
    __ARM_use_no_argv                        0x00000000   Number         0  main.o ABSOLUTE
    __ARM_exceptions_init                     - Undefined Weak Reference
    __alloca_initialize                       - Undefined Weak Reference
    __arm_fini_                               - Undefined Weak Reference
    __arm_preinit_                            - Undefined Weak Reference
    __cpp_initialize__aeabi_                  - Undefined Weak Reference
    __cxa_finalize                            - Undefined Weak Reference
    __rt_locale                               - Undefined Weak Reference
    __sigvec_lookup                           - Undefined Weak Reference
    _atexit_init                              - Undefined Weak Reference
    _call_atexit_fns                          - Undefined Weak Reference
    _clock_init                               - Undefined Weak Reference
    _fp_trap_init                             - Undefined Weak Reference
    _fp_trap_shutdown                         - Undefined Weak Reference
    _get_lc_collate                           - Undefined Weak Reference
    _get_lc_ctype                             - Undefined Weak Reference
    _get_lc_monetary                          - Undefined Weak Reference
    _get_lc_numeric                           - Undefined Weak Reference
    _get_lc_time                              - Undefined Weak Reference
    _getenv_init                              - Undefined Weak Reference
    _handle_redirection                       - Undefined Weak Reference
    _init_alloc                               - Undefined Weak Reference
    _init_user_alloc                          - Undefined Weak Reference
    _initio                                   - Undefined Weak Reference
    _printf_post_padding                      - Undefined Weak Reference
    _printf_pre_padding                       - Undefined Weak Reference
    _printf_truncate_signed                   - Undefined Weak Reference
    _printf_truncate_unsigned                 - Undefined Weak Reference
    _rand_init                                - Undefined Weak Reference
    _signal_finish                            - Undefined Weak Reference
    _signal_init                              - Undefined Weak Reference
    _terminate_alloc                          - Undefined Weak Reference
    _terminate_user_alloc                     - Undefined Weak Reference
    _terminateio                              - Undefined Weak Reference
    __Vectors_Size                           0x000000ec   Number         0  startup_stm32f103xb.o ABSOLUTE
    __Vectors                                0x08000000   Data           4  startup_stm32f103xb.o(RESET)
    __Vectors_End                            0x080000ec   Data           0  startup_stm32f103xb.o(RESET)
    __main                                   0x080000ed   Thumb Code     8  __main.o(!!!main)
    __scatterload                            0x080000f5   Thumb Code     0  __scatter.o(!!!scatter)
    __scatterload_rt2                        0x080000f5   Thumb Code    44  __scatter.o(!!!scatter)
    __scatterload_rt2_thumb_only             0x080000f5   Thumb Code     0  __scatter.o(!!!scatter)
    __scatterload_null                       0x08000103   Thumb Code     0  __scatter.o(!!!scatter)
    __decompress                             0x08000129   Thumb Code    90  __dczerorl2.o(!!dczerorl2)
    __decompress1                            0x08000129   Thumb Code     0  __dczerorl2.o(!!dczerorl2)
    __scatterload_zeroinit                   0x08000185   Thumb Code    28  __scatter_zi.o(!!handler_zi)
    _printf_d                                0x080001a1   Thumb Code     0  _printf_d.o(.ARM.Collect$$_printf_percent$$00000009)
    _printf_percent                          0x080001a1   Thumb Code     0  _printf_percent.o(.ARM.Collect$$_printf_percent$$00000000)
    _printf_percent_end                      0x080001a7   Thumb Code     0  _printf_percent_end.o(.ARM.Collect$$_printf_percent$$00000017)
    __rt_lib_init                            0x080001ab   Thumb Code     0  libinit.o(.ARM.Collect$$libinit$$00000000)
    __rt_lib_init_alloca_1                   0x080001ad   Thumb Code     0  libinit2.o(.ARM.Collect$$libinit$$0000002E)
    __rt_lib_init_argv_1                     0x080001ad   Thumb Code     0  libinit2.o(.ARM.Collect$$libinit$$0000002C)
    __rt_lib_init_atexit_1                   0x080001ad   Thumb Code     0  libinit2.o(.ARM.Collect$$libinit$$0000001B)
    __rt_lib_init_clock_1                    0x080001ad   Thumb Code     0  libinit2.o(.ARM.Collect$$libinit$$00000021)
    __rt_lib_init_cpp_1                      0x080001ad   Thumb Code     0  libinit2.o(.ARM.Collect$$libinit$$00000032)
    __rt_lib_init_exceptions_1               0x080001ad   Thumb Code     0  libinit2.o(.ARM.Collect$$libinit$$00000030)
    __rt_lib_init_fp_1                       0x080001ad   Thumb Code     0  libinit2.o(.ARM.Collect$$libinit$$00000002)
    __rt_lib_init_fp_trap_1                  0x080001ad   Thumb Code     0  libinit2.o(.ARM.Collect$$libinit$$0000001F)
    __rt_lib_init_getenv_1                   0x080001ad   Thumb Code     0  libinit2.o(.ARM.Collect$$libinit$$00000023)
    __rt_lib_init_heap_1                     0x080001ad   Thumb Code     0  libinit2.o(.ARM.Collect$$libinit$$0000000A)
    __rt_lib_init_lc_collate_1               0x080001ad   Thumb Code     0  libinit2.o(.ARM.Collect$$libinit$$00000011)
    __rt_lib_init_lc_ctype_1                 0x080001ad   Thumb Code     0  libinit2.o(.ARM.Collect$$libinit$$00000013)
    __rt_lib_init_lc_monetary_1              0x080001ad   Thumb Code     0  libinit2.o(.ARM.Collect$$libinit$$00000015)
    __rt_lib_init_lc_numeric_1               0x080001ad   Thumb Code     0  libinit2.o(.ARM.Collect$$libinit$$00000017)
    __rt_lib_init_lc_time_1                  0x080001ad   Thumb Code     0  libinit2.o(.ARM.Collect$$libinit$$00000019)
    __rt_lib_init_preinit_1                  0x080001ad   Thumb Code     0  libinit2.o(.ARM.Collect$$libinit$$00000004)
    __rt_lib_init_rand_1                     0x080001ad   Thumb Code     0  libinit2.o(.ARM.Collect$$libinit$$0000000E)
    __rt_lib_init_return                     0x080001ad   Thumb Code     0  libinit2.o(.ARM.Collect$$libinit$$00000033)
    __rt_lib_init_signal_1                   0x080001ad   Thumb Code     0  libinit2.o(.ARM.Collect$$libinit$$0000001D)
    __rt_lib_init_stdio_1                    0x080001ad   Thumb Code     0  libinit2.o(.ARM.Collect$$libinit$$00000025)
    __rt_lib_init_user_alloc_1               0x080001ad   Thumb Code     0  libinit2.o(.ARM.Collect$$libinit$$0000000C)
    __rt_lib_shutdown                        0x080001af   Thumb Code     0  libshutdown.o(.ARM.Collect$$libshutdown$$00000000)
    __rt_lib_shutdown_cpp_1                  0x080001b1   Thumb Code     0  libshutdown2.o(.ARM.Collect$$libshutdown$$00000004)
    __rt_lib_shutdown_fini_1                 0x080001b1   Thumb Code     0  libshutdown2.o(.ARM.Collect$$libshutdown$$00000002)
    __rt_lib_shutdown_fp_trap_1              0x080001b1   Thumb Code     0  libshutdown2.o(.ARM.Collect$$libshutdown$$00000009)
    __rt_lib_shutdown_heap_1                 0x080001b1   Thumb Code     0  libshutdown2.o(.ARM.Collect$$libshutdown$$00000011)
    __rt_lib_shutdown_return                 0x080001b1   Thumb Code     0  libshutdown2.o(.ARM.Collect$$libshutdown$$00000012)
    __rt_lib_shutdown_signal_1               0x080001b1   Thumb Code     0  libshutdown2.o(.ARM.Collect$$libshutdown$$0000000C)
    __rt_lib_shutdown_stdio_1                0x080001b1   Thumb Code     0  libshutdown2.o(.ARM.Collect$$libshutdown$$00000006)
    __rt_lib_shutdown_user_alloc_1           0x080001b1   Thumb Code     0  libshutdown2.o(.ARM.Collect$$libshutdown$$0000000E)
    __rt_entry                               0x080001b3   Thumb Code     0  __rtentry.o(.ARM.Collect$$rtentry$$00000000)
    __rt_entry_presh_1                       0x080001b3   Thumb Code     0  __rtentry2.o(.ARM.Collect$$rtentry$$00000002)
    __rt_entry_sh                            0x080001b3   Thumb Code     0  __rtentry4.o(.ARM.Collect$$rtentry$$00000004)
    __rt_entry_li                            0x080001b9   Thumb Code     0  __rtentry2.o(.ARM.Collect$$rtentry$$0000000A)
    __rt_entry_postsh_1                      0x080001b9   Thumb Code     0  __rtentry2.o(.ARM.Collect$$rtentry$$00000009)
    __rt_entry_main                          0x080001bd   Thumb Code     0  __rtentry2.o(.ARM.Collect$$rtentry$$0000000D)
    __rt_entry_postli_1                      0x080001bd   Thumb Code     0  __rtentry2.o(.ARM.Collect$$rtentry$$0000000C)
    __rt_exit                                0x080001c5   Thumb Code     0  rtexit.o(.ARM.Collect$$rtexit$$00000000)
    __rt_exit_ls                             0x080001c7   Thumb Code     0  rtexit2.o(.ARM.Collect$$rtexit$$00000003)
    __rt_exit_prels_1                        0x080001c7   Thumb Code     0  rtexit2.o(.ARM.Collect$$rtexit$$00000002)
    __rt_exit_exit                           0x080001cb   Thumb Code     0  rtexit2.o(.ARM.Collect$$rtexit$$00000004)
    SVC_Handler                              0x080001d1   Thumb Code    32  port.o(.emb_text)
    __asm___6_port_c_39a90d8d__prvStartFirstTask 0x080001f5   Thumb Code    28  port.o(.emb_text)
    PendSV_Handler                           0x08000215   Thumb Code    72  port.o(.emb_text)
    vPortGetIPSR                             0x08000261   Thumb Code     6  port.o(.emb_text)
    Reset_Handler                            0x08000269   Thumb Code     8  startup_stm32f103xb.o(.text)
    ADC1_2_IRQHandler                        0x08000283   Thumb Code     0  startup_stm32f103xb.o(.text)
    CAN1_RX1_IRQHandler                      0x08000283   Thumb Code     0  startup_stm32f103xb.o(.text)
    CAN1_SCE_IRQHandler                      0x08000283   Thumb Code     0  startup_stm32f103xb.o(.text)
    DMA1_Channel1_IRQHandler                 0x08000283   Thumb Code     0  startup_stm32f103xb.o(.text)
    DMA1_Channel2_IRQHandler                 0x08000283   Thumb Code     0  startup_stm32f103xb.o(.text)
    DMA1_Channel3_IRQHandler                 0x08000283   Thumb Code     0  startup_stm32f103xb.o(.text)
    DMA1_Channel4_IRQHandler                 0x08000283   Thumb Code     0  startup_stm32f103xb.o(.text)
    DMA1_Channel5_IRQHandler                 0x08000283   Thumb Code     0  startup_stm32f103xb.o(.text)
    DMA1_Channel6_IRQHandler                 0x08000283   Thumb Code     0  startup_stm32f103xb.o(.text)
    DMA1_Channel7_IRQHandler                 0x08000283   Thumb Code     0  startup_stm32f103xb.o(.text)
    EXTI0_IRQHandler                         0x08000283   Thumb Code     0  startup_stm32f103xb.o(.text)
    EXTI15_10_IRQHandler                     0x08000283   Thumb Code     0  startup_stm32f103xb.o(.text)
    EXTI1_IRQHandler                         0x08000283   Thumb Code     0  startup_stm32f103xb.o(.text)
    EXTI2_IRQHandler                         0x08000283   Thumb Code     0  startup_stm32f103xb.o(.text)
    EXTI3_IRQHandler                         0x08000283   Thumb Code     0  startup_stm32f103xb.o(.text)
    EXTI4_IRQHandler                         0x08000283   Thumb Code     0  startup_stm32f103xb.o(.text)
    EXTI9_5_IRQHandler                       0x08000283   Thumb Code     0  startup_stm32f103xb.o(.text)
    FLASH_IRQHandler                         0x08000283   Thumb Code     0  startup_stm32f103xb.o(.text)
    I2C1_ER_IRQHandler                       0x08000283   Thumb Code     0  startup_stm32f103xb.o(.text)
    I2C1_EV_IRQHandler                       0x08000283   Thumb Code     0  startup_stm32f103xb.o(.text)
    I2C2_ER_IRQHandler                       0x08000283   Thumb Code     0  startup_stm32f103xb.o(.text)
    I2C2_EV_IRQHandler                       0x08000283   Thumb Code     0  startup_stm32f103xb.o(.text)
    PVD_IRQHandler                           0x08000283   Thumb Code     0  startup_stm32f103xb.o(.text)
    RCC_IRQHandler                           0x08000283   Thumb Code     0  startup_stm32f103xb.o(.text)
    RTC_Alarm_IRQHandler                     0x08000283   Thumb Code     0  startup_stm32f103xb.o(.text)
    RTC_IRQHandler                           0x08000283   Thumb Code     0  startup_stm32f103xb.o(.text)
    SPI1_IRQHandler                          0x08000283   Thumb Code     0  startup_stm32f103xb.o(.text)
    SPI2_IRQHandler                          0x08000283   Thumb Code     0  startup_stm32f103xb.o(.text)
    TAMPER_IRQHandler                        0x08000283   Thumb Code     0  startup_stm32f103xb.o(.text)
    TIM1_BRK_IRQHandler                      0x08000283   Thumb Code     0  startup_stm32f103xb.o(.text)
    TIM1_CC_IRQHandler                       0x08000283   Thumb Code     0  startup_stm32f103xb.o(.text)
    TIM1_TRG_COM_IRQHandler                  0x08000283   Thumb Code     0  startup_stm32f103xb.o(.text)
    TIM1_UP_IRQHandler                       0x08000283   Thumb Code     0  startup_stm32f103xb.o(.text)
    TIM2_IRQHandler                          0x08000283   Thumb Code     0  startup_stm32f103xb.o(.text)
    TIM3_IRQHandler                          0x08000283   Thumb Code     0  startup_stm32f103xb.o(.text)
    USART1_IRQHandler                        0x08000283   Thumb Code     0  startup_stm32f103xb.o(.text)
    USART2_IRQHandler                        0x08000283   Thumb Code     0  startup_stm32f103xb.o(.text)
    USART3_IRQHandler                        0x08000283   Thumb Code     0  startup_stm32f103xb.o(.text)
    USBWakeUp_IRQHandler                     0x08000283   Thumb Code     0  startup_stm32f103xb.o(.text)
    USB_HP_CAN1_TX_IRQHandler                0x08000283   Thumb Code     0  startup_stm32f103xb.o(.text)
    USB_LP_CAN1_RX0_IRQHandler               0x08000283   Thumb Code     0  startup_stm32f103xb.o(.text)
    WWDG_IRQHandler                          0x08000283   Thumb Code     0  startup_stm32f103xb.o(.text)
    __user_initial_stackheap                 0x08000285   Thumb Code     0  startup_stm32f103xb.o(.text)
    __2sprintf                               0x080002a9   Thumb Code    34  noretval__2sprintf.o(.text)
    __printf                                 0x080002d1   Thumb Code   104  __printf.o(.text)
    _printf_int_dec                          0x08000339   Thumb Code   104  _printf_dec.o(.text)
    memcmp                                   0x080003b1   Thumb Code    88  memcmp.o(.text)
    strcpy                                   0x08000409   Thumb Code    72  strcpy.o(.text)
    __aeabi_memcpy                           0x08000451   Thumb Code     0  rt_memcpy_v6.o(.text)
    __rt_memcpy                              0x08000451   Thumb Code   138  rt_memcpy_v6.o(.text)
    _memcpy_lastbytes                        0x080004b7   Thumb Code     0  rt_memcpy_v6.o(.text)
    __aeabi_memset                           0x080004db   Thumb Code    16  aeabi_memset.o(.text)
    __aeabi_memclr                           0x080004eb   Thumb Code     0  rt_memclr.o(.text)
    __rt_memclr                              0x080004eb   Thumb Code    68  rt_memclr.o(.text)
    _memset                                  0x080004ef   Thumb Code     0  rt_memclr.o(.text)
    __aeabi_memclr4                          0x0800052f   Thumb Code     0  rt_memclr_w.o(.text)
    __aeabi_memclr8                          0x0800052f   Thumb Code     0  rt_memclr_w.o(.text)
    __rt_memclr_w                            0x0800052f   Thumb Code    78  rt_memclr_w.o(.text)
    _memset_w                                0x08000533   Thumb Code     0  rt_memclr_w.o(.text)
    __use_two_region_memory                  0x0800057d   Thumb Code     2  heapauxi.o(.text)
    __rt_heap_escrow$2region                 0x0800057f   Thumb Code     2  heapauxi.o(.text)
    __rt_heap_expand$2region                 0x08000581   Thumb Code     2  heapauxi.o(.text)
    _printf_int_common                       0x08000583   Thumb Code   178  _printf_intcommon.o(.text)
    _printf_char_common                      0x0800063f   Thumb Code    32  _printf_char_common.o(.text)
    _sputc                                   0x08000665   Thumb Code    10  _sputc.o(.text)
    __aeabi_memcpy4                          0x0800066f   Thumb Code     0  rt_memcpy_w.o(.text)
    __aeabi_memcpy8                          0x0800066f   Thumb Code     0  rt_memcpy_w.o(.text)
    __rt_memcpy_w                            0x0800066f   Thumb Code   100  rt_memcpy_w.o(.text)
    _memcpy_lastbytes_aligned                0x080006b7   Thumb Code     0  rt_memcpy_w.o(.text)
    __user_setup_stackheap                   0x080006d3   Thumb Code    74  sys_stackheap_outer.o(.text)
    exit                                     0x0800071d   Thumb Code    18  exit.o(.text)
    __user_libspace                          0x08000731   Thumb Code     8  libspace.o(.text)
    __user_perproc_libspace                  0x08000731   Thumb Code     0  libspace.o(.text)
    __user_perthread_libspace                0x08000731   Thumb Code     0  libspace.o(.text)
    _sys_exit                                0x08000739   Thumb Code     8  sys_exit.o(.text)
    __I$use$semihosting                      0x08000745   Thumb Code     0  use_no_semi.o(.text)
    __use_no_semihosting_swi                 0x08000745   Thumb Code     2  use_no_semi.o(.text)
    BusFault_Handler                         0x08000747   Thumb Code     2  stm32f1xx_it.o(i.BusFault_Handler)
    __semihosting_library_function           0x08000747   Thumb Code     0  indicate_semi.o(.text)
    CardCheckTask                            0x08000749   Thumb Code    20  user_cardchecktask.o(i.CardCheckTask)
    ClearBitMask                             0x0800075d   Thumb Code    24  rc522.o(i.ClearBitMask)
    DebugMon_Handler                         0x08000775   Thumb Code     2  stm32f1xx_it.o(i.DebugMon_Handler)
    DisplayTask                              0x08000779   Thumb Code   254  user_displaytask.o(i.DisplayTask)
    Error_Handler                            0x08000891   Thumb Code     4  main.o(i.Error_Handler)
    HAL_GPIO_Init                            0x08000895   Thumb Code   446  stm32f1xx_hal_gpio.o(i.HAL_GPIO_Init)
    HAL_GPIO_ReadPin                         0x08000a75   Thumb Code    10  stm32f1xx_hal_gpio.o(i.HAL_GPIO_ReadPin)
    HAL_GPIO_WritePin                        0x08000a7f   Thumb Code    10  stm32f1xx_hal_gpio.o(i.HAL_GPIO_WritePin)
    HAL_GetTick                              0x08000a89   Thumb Code     6  stm32f1xx_hal.o(i.HAL_GetTick)
    HAL_I2C_Init                             0x08000a95   Thumb Code   376  stm32f1xx_hal_i2c.o(i.HAL_I2C_Init)
    HAL_I2C_Master_Transmit                  0x08000c1d   Thumb Code   290  stm32f1xx_hal_i2c.o(i.HAL_I2C_Master_Transmit)
    HAL_I2C_MspInit                          0x08000d49   Thumb Code    80  i2c.o(i.HAL_I2C_MspInit)
    HAL_IncTick                              0x08000da5   Thumb Code    12  stm32f1xx_hal.o(i.HAL_IncTick)
    HAL_Init                                 0x08000db5   Thumb Code    32  stm32f1xx_hal.o(i.HAL_Init)
    HAL_InitTick                             0x08000dd9   Thumb Code   132  stm32f1xx_hal_timebase_tim.o(i.HAL_InitTick)
    HAL_MspInit                              0x08000e71   Thumb Code    62  stm32f1xx_hal_msp.o(i.HAL_MspInit)
    HAL_NVIC_EnableIRQ                       0x08000eb9   Thumb Code    26  stm32f1xx_hal_cortex.o(i.HAL_NVIC_EnableIRQ)
    HAL_NVIC_SetPriority                     0x08000ed5   Thumb Code    60  stm32f1xx_hal_cortex.o(i.HAL_NVIC_SetPriority)
    HAL_NVIC_SetPriorityGrouping             0x08000f15   Thumb Code    26  stm32f1xx_hal_cortex.o(i.HAL_NVIC_SetPriorityGrouping)
    HAL_RCC_ClockConfig                      0x08000f39   Thumb Code   280  stm32f1xx_hal_rcc.o(i.HAL_RCC_ClockConfig)
    HAL_RCC_GetClockConfig                   0x08001065   Thumb Code    54  stm32f1xx_hal_rcc.o(i.HAL_RCC_GetClockConfig)
    HAL_RCC_GetPCLK1Freq                     0x080010a5   Thumb Code    20  stm32f1xx_hal_rcc.o(i.HAL_RCC_GetPCLK1Freq)
    HAL_RCC_GetPCLK2Freq                     0x080010c5   Thumb Code    20  stm32f1xx_hal_rcc.o(i.HAL_RCC_GetPCLK2Freq)
    HAL_RCC_GetSysClockFreq                  0x080010e5   Thumb Code    58  stm32f1xx_hal_rcc.o(i.HAL_RCC_GetSysClockFreq)
    HAL_RCC_OscConfig                        0x08001131   Thumb Code   778  stm32f1xx_hal_rcc.o(i.HAL_RCC_OscConfig)
    HAL_TIMEx_BreakCallback                  0x08001451   Thumb Code     2  stm32f1xx_hal_tim_ex.o(i.HAL_TIMEx_BreakCallback)
    HAL_TIMEx_CommutCallback                 0x08001453   Thumb Code     2  stm32f1xx_hal_tim_ex.o(i.HAL_TIMEx_CommutCallback)
    HAL_TIMEx_MasterConfigSynchronization    0x08001455   Thumb Code    92  stm32f1xx_hal_tim_ex.o(i.HAL_TIMEx_MasterConfigSynchronization)
    HAL_TIM_Base_Init                        0x080014bd   Thumb Code    90  stm32f1xx_hal_tim.o(i.HAL_TIM_Base_Init)
    HAL_TIM_Base_MspInit                     0x08001517   Thumb Code     2  stm32f1xx_hal_tim.o(i.HAL_TIM_Base_MspInit)
    HAL_TIM_Base_Start_IT                    0x08001519   Thumb Code    76  stm32f1xx_hal_tim.o(i.HAL_TIM_Base_Start_IT)
    HAL_TIM_IC_CaptureCallback               0x08001571   Thumb Code     2  stm32f1xx_hal_tim.o(i.HAL_TIM_IC_CaptureCallback)
    HAL_TIM_IRQHandler                       0x08001573   Thumb Code   304  stm32f1xx_hal_tim.o(i.HAL_TIM_IRQHandler)
    HAL_TIM_MspPostInit                      0x080016a5   Thumb Code    60  tim.o(i.HAL_TIM_MspPostInit)
    HAL_TIM_OC_DelayElapsedCallback          0x080016e9   Thumb Code     2  stm32f1xx_hal_tim.o(i.HAL_TIM_OC_DelayElapsedCallback)
    HAL_TIM_PWM_ConfigChannel                0x080016eb   Thumb Code   204  stm32f1xx_hal_tim.o(i.HAL_TIM_PWM_ConfigChannel)
    HAL_TIM_PWM_Init                         0x080017b7   Thumb Code    90  stm32f1xx_hal_tim.o(i.HAL_TIM_PWM_Init)
    HAL_TIM_PWM_MspInit                      0x08001811   Thumb Code    30  tim.o(i.HAL_TIM_PWM_MspInit)
    HAL_TIM_PWM_PulseFinishedCallback        0x08001835   Thumb Code     2  stm32f1xx_hal_tim.o(i.HAL_TIM_PWM_PulseFinishedCallback)
    HAL_TIM_PWM_Start                        0x08001839   Thumb Code   144  stm32f1xx_hal_tim.o(i.HAL_TIM_PWM_Start)
    HAL_TIM_PeriodElapsedCallback            0x080018d5   Thumb Code    14  main.o(i.HAL_TIM_PeriodElapsedCallback)
    HAL_TIM_TriggerCallback                  0x080018e9   Thumb Code     2  stm32f1xx_hal_tim.o(i.HAL_TIM_TriggerCallback)
    HAL_UART_Init                            0x080018eb   Thumb Code   100  stm32f1xx_hal_uart.o(i.HAL_UART_Init)
    HAL_UART_MspInit                         0x08001951   Thumb Code    98  usart.o(i.HAL_UART_MspInit)
    HardFault_Handler                        0x080019c1   Thumb Code     2  stm32f1xx_it.o(i.HardFault_Handler)
    KeyScan                                  0x08001c89   Thumb Code   172  key.o(i.KeyScan)
    KeyTask                                  0x08001d3d   Thumb Code    92  user_keytask.o(i.KeyTask)
    Key_Port_Init                            0x08001d9d   Thumb Code    82  key.o(i.Key_Port_Init)
    M500PcdConfigISOType                     0x08001dfd   Thumb Code    88  rc522.o(i.M500PcdConfigISOType)
    MX_FREERTOS_Init                         0x08001e55   Thumb Code    22  freertos.o(i.MX_FREERTOS_Init)
    MX_GPIO_Init                             0x08001e79   Thumb Code    54  gpio.o(i.MX_GPIO_Init)
    MX_I2C1_Init                             0x08001eb5   Thumb Code    50  i2c.o(i.MX_I2C1_Init)
    MX_TIM2_Init                             0x08001ef5   Thumb Code   106  tim.o(i.MX_TIM2_Init)
    MX_USART2_UART_Init                      0x08001f65   Thumb Code    48  usart.o(i.MX_USART2_UART_Init)
    MemManage_Handler                        0x08001f9d   Thumb Code     2  stm32f1xx_it.o(i.MemManage_Handler)
    MenuTask                                 0x08001fa1   Thumb Code    98  user_menutask.o(i.MenuTask)
    NMI_Handler                              0x0800200d   Thumb Code     2  stm32f1xx_it.o(i.NMI_Handler)
    OLED_DrawImage                           0x0800200f   Thumb Code    18  oled.o(i.OLED_DrawImage)
    OLED_Init                                0x08002021   Thumb Code   182  oled.o(i.OLED_Init)
    OLED_NewFrame                            0x080020d9   Thumb Code    10  oled.o(i.OLED_NewFrame)
    OLED_PrintASCIIChar                      0x080020e9   Thumb Code    32  oled.o(i.OLED_PrintASCIIChar)
    OLED_PrintString                         0x08002109   Thumb Code   182  oled.o(i.OLED_PrintString)
    OLED_Send                                0x080021c1   Thumb Code    22  oled.o(i.OLED_Send)
    OLED_SendCmd                             0x080021dd   Thumb Code    12  oled.o(i.OLED_SendCmd)
    OLED_SetBits                             0x080021ed   Thumb Code    72  oled.o(i.OLED_SetBits)
    OLED_SetBits_Fine                        0x08002235   Thumb Code   104  oled.o(i.OLED_SetBits_Fine)
    OLED_SetBlock                            0x0800229d   Thumb Code   136  oled.o(i.OLED_SetBlock)
    OLED_SetByte_Fine                        0x08002325   Thumb Code    64  oled.o(i.OLED_SetByte_Fine)
    OLED_ShowFrame                           0x0800236d   Thumb Code    74  oled.o(i.OLED_ShowFrame)
    PcdAntennaOff                            0x080023bd   Thumb Code     8  rc522.o(i.PcdAntennaOff)
    PcdAntennaOn                             0x080023c5   Thumb Code    26  rc522.o(i.PcdAntennaOn)
    PcdAnticoll                              0x080023df   Thumb Code   106  rc522.o(i.PcdAnticoll)
    PcdComMF522                              0x08002449   Thumb Code   278  rc522.o(i.PcdComMF522)
    PcdInit                                  0x08002561   Thumb Code   130  rc522.o(i.PcdInit)
    PcdRequest                               0x080025f1   Thumb Code    80  rc522.o(i.PcdRequest)
    PcdReset                                 0x08002641   Thumb Code   114  rc522.o(i.PcdReset)
    RC522_Check                              0x080026b9   Thumb Code   346  user_cardchecktask.o(i.RC522_Check)
    RFID_Init                                0x08002839   Thumb Code    32  rc522.o(i.RFID_Init)
    ReadRawRC                                0x08002859   Thumb Code   164  rc522.o(i.ReadRawRC)
    Servo_Init                               0x08002905   Thumb Code    20  servo.o(i.Servo_Init)
    Servo_SetAngle                           0x0800291d   Thumb Code    32  servo.o(i.Servo_SetAngle)
    SetBitMask                               0x08002941   Thumb Code    24  rc522.o(i.SetBitMask)
    StartDefaultTask                         0x08002959   Thumb Code     8  freertos.o(i.StartDefaultTask)
    SysTick_Handler                          0x08002961   Thumb Code    26  cmsis_os2.o(i.SysTick_Handler)
    SystemClock_Config                       0x0800297b   Thumb Code    94  main.o(i.SystemClock_Config)
    SystemInit                               0x080029d9   Thumb Code     2  system_stm32f1xx.o(i.SystemInit)
    TIM4_IRQHandler                          0x080029dd   Thumb Code     6  stm32f1xx_it.o(i.TIM4_IRQHandler)
    TIM_Base_SetConfig                       0x080029e9   Thumb Code   108  stm32f1xx_hal_tim.o(i.TIM_Base_SetConfig)
    TIM_CCxChannelCmd                        0x08002a61   Thumb Code    26  stm32f1xx_hal_tim.o(i.TIM_CCxChannelCmd)
    TIM_OC2_SetConfig                        0x08002acd   Thumb Code    84  stm32f1xx_hal_tim.o(i.TIM_OC2_SetConfig)
    UsageFault_Handler                       0x08002c79   Thumb Code     2  stm32f1xx_it.o(i.UsageFault_Handler)
    User_Tasks_Init                          0x08002c7d   Thumb Code    84  user_tasksinit.o(i.User_Tasks_Init)
    WaitCardOff                              0x08002ce9   Thumb Code    44  rc522.o(i.WaitCardOff)
    WriteRawRC                               0x08002d15   Thumb Code   168  rc522.o(i.WriteRawRC)
    _OLED_GetUTF8Len                         0x08002dc5   Thumb Code    50  oled.o(i._OLED_GetUTF8Len)
    addCardAction                            0x08002e17   Thumb Code     2  user_menutask.o(i.addCardAction)
    addFingerAction                          0x08002e19   Thumb Code     2  user_menutask.o(i.addFingerAction)
    delCardAction                            0x08002e1b   Thumb Code     2  user_menutask.o(i.delCardAction)
    delFingerAction                          0x08002e1d   Thumb Code     2  user_menutask.o(i.delFingerAction)
    delay_10ms                               0x08002e1f   Thumb Code    28  rc522.o(i.delay_10ms)
    initMenu                                 0x08002e3d   Thumb Code   182  user_menutask.o(i.initMenu)
    main                                     0x08002ef9   Thumb Code    38  main.o(i.main)
    menuBack                                 0x08002f21   Thumb Code    18  user_menutask.o(i.menuBack)
    menuEnter                                0x08002f39   Thumb Code    36  user_menutask.o(i.menuEnter)
    menuNext                                 0x08002f61   Thumb Code    28  user_menutask.o(i.menuNext)
    menuPrev                                 0x08002f81   Thumb Code    30  user_menutask.o(i.menuPrev)
    osDelay                                  0x08002fa5   Thumb Code    26  cmsis_os2.o(i.osDelay)
    osKernelInitialize                       0x08002fc1   Thumb Code    32  cmsis_os2.o(i.osKernelInitialize)
    osKernelStart                            0x08002fe5   Thumb Code    48  cmsis_os2.o(i.osKernelStart)
    osMessageQueueGet                        0x0800301d   Thumb Code    96  cmsis_os2.o(i.osMessageQueueGet)
    osMessageQueueNew                        0x08003081   Thumb Code    88  cmsis_os2.o(i.osMessageQueueNew)
    osMessageQueuePut                        0x080030d9   Thumb Code   100  cmsis_os2.o(i.osMessageQueuePut)
    osThreadNew                              0x08003141   Thumb Code   138  cmsis_os2.o(i.osThreadNew)
    pvPortMalloc                             0x08003961   Thumb Code   216  heap_4.o(i.pvPortMalloc)
    pxPortInitialiseStack                    0x08003a3d   Thumb Code    32  port.o(i.pxPortInitialiseStack)
    uxListRemove                             0x08003a61   Thumb Code    38  list.o(i.uxListRemove)
    vApplicationGetIdleTaskMemory            0x08003a89   Thumb Code    16  cmsis_os2.o(i.vApplicationGetIdleTaskMemory)
    vApplicationGetTimerTaskMemory           0x08003a9d   Thumb Code    18  cmsis_os2.o(i.vApplicationGetTimerTaskMemory)
    vListInitialise                          0x08003ab5   Thumb Code    22  list.o(i.vListInitialise)
    vListInitialiseItem                      0x08003acb   Thumb Code     6  list.o(i.vListInitialiseItem)
    vListInsert                              0x08003ad1   Thumb Code    48  list.o(i.vListInsert)
    vListInsertEnd                           0x08003b01   Thumb Code    24  list.o(i.vListInsertEnd)
    vPortEnterCritical                       0x08003b19   Thumb Code    54  port.o(i.vPortEnterCritical)
    vPortExitCritical                        0x08003b59   Thumb Code    34  port.o(i.vPortExitCritical)
    vPortFree                                0x08003b81   Thumb Code    94  heap_4.o(i.vPortFree)
    vPortSetupTimerInterrupt                 0x08003be5   Thumb Code    32  port.o(i.vPortSetupTimerInterrupt)
    vPortValidateInterruptPriority           0x08003c09   Thumb Code    74  port.o(i.vPortValidateInterruptPriority)
    vQueueAddToRegistry                      0x08003c5d   Thumb Code    34  queue.o(i.vQueueAddToRegistry)
    vQueueWaitForMessageRestricted           0x08003c85   Thumb Code    68  queue.o(i.vQueueWaitForMessageRestricted)
    vTaskDelay                               0x08003cc9   Thumb Code    66  tasks.o(i.vTaskDelay)
    vTaskInternalSetTimeOutState             0x08003d15   Thumb Code    12  tasks.o(i.vTaskInternalSetTimeOutState)
    vTaskMissedYield                         0x08003d25   Thumb Code     8  tasks.o(i.vTaskMissedYield)
    vTaskPlaceOnEventList                    0x08003d31   Thumb Code    44  tasks.o(i.vTaskPlaceOnEventList)
    vTaskPlaceOnEventListRestricted          0x08003d61   Thumb Code    52  tasks.o(i.vTaskPlaceOnEventListRestricted)
    vTaskStartScheduler                      0x08003d99   Thumb Code   118  tasks.o(i.vTaskStartScheduler)
    vTaskSuspendAll                          0x08003e21   Thumb Code    10  tasks.o(i.vTaskSuspendAll)
    vTaskSwitchContext                       0x08003e31   Thumb Code    90  tasks.o(i.vTaskSwitchContext)
    xPortStartScheduler                      0x08003e95   Thumb Code   154  port.o(i.xPortStartScheduler)
    xPortSysTickHandler                      0x08003f3d   Thumb Code    38  port.o(i.xPortSysTickHandler)
    xQueueGenericCreate                      0x08003f69   Thumb Code    66  queue.o(i.xQueueGenericCreate)
    xQueueGenericCreateStatic                0x08003fab   Thumb Code   102  queue.o(i.xQueueGenericCreateStatic)
    xQueueGenericReset                       0x08004011   Thumb Code   132  queue.o(i.xQueueGenericReset)
    xQueueGenericSend                        0x08004099   Thumb Code   346  queue.o(i.xQueueGenericSend)
    xQueueGenericSendFromISR                 0x080041f9   Thumb Code   190  queue.o(i.xQueueGenericSendFromISR)
    xQueueReceive                            0x080042b9   Thumb Code   308  queue.o(i.xQueueReceive)
    xQueueReceiveFromISR                     0x080043f1   Thumb Code   154  queue.o(i.xQueueReceiveFromISR)
    xTaskCheckForTimeOut                     0x0800448d   Thumb Code   112  tasks.o(i.xTaskCheckForTimeOut)
    xTaskCreate                              0x08004501   Thumb Code    90  tasks.o(i.xTaskCreate)
    xTaskCreateStatic                        0x0800455b   Thumb Code    86  tasks.o(i.xTaskCreateStatic)
    xTaskGetSchedulerState                   0x080045b1   Thumb Code    22  tasks.o(i.xTaskGetSchedulerState)
    xTaskGetTickCount                        0x080045cd   Thumb Code     6  tasks.o(i.xTaskGetTickCount)
    xTaskIncrementTick                       0x080045d9   Thumb Code   192  tasks.o(i.xTaskIncrementTick)
    xTaskPriorityDisinherit                  0x080046a1   Thumb Code   118  tasks.o(i.xTaskPriorityDisinherit)
    xTaskRemoveFromEventList                 0x08004721   Thumb Code    98  tasks.o(i.xTaskRemoveFromEventList)
    xTaskResumeAll                           0x08004791   Thumb Code   182  tasks.o(i.xTaskResumeAll)
    xTimerCreateTimerTask                    0x08004855   Thumb Code    78  timers.o(i.xTimerCreateTimerTask)
    xTimerGenericCommand                     0x080048b5   Thumb Code    98  timers.o(i.xTimerGenericCommand)
    defaultTask_attributes                   0x0800491c   Data          36  freertos.o(.constdata)
    AHBPrescTable                            0x08004952   Data          16  system_stm32f1xx.o(.constdata)
    APBPrescTable                            0x08004962   Data           8  system_stm32f1xx.o(.constdata)
    ascii_16x8                               0x0800496a   Data        1520  font.o(.constdata)
    afont16x8                                0x08004f5c   Data           8  font.o(.constdata)
    zh16x16                                  0x08004f64   Data         144  font.o(.constdata)
    font16x16                                0x08004ff4   Data          16  font.o(.constdata)
    Diode                                    0x08005004   Data        1024  font.o(.constdata)
    HomePageImg                              0x08005404   Data           8  font.o(.constdata)
    KeyTask_attributes                       0x0800540c   Data          36  user_tasksinit.o(.constdata)
    MenuTask_attributes                      0x08005430   Data          36  user_tasksinit.o(.constdata)
    DisplayTask_attributes                   0x08005454   Data          36  user_tasksinit.o(.constdata)
    CardCheckTask_attributes                 0x08005478   Data          36  user_tasksinit.o(.constdata)
    Region$$Table$$Base                      0x08005548   Number         0  anon$$obj.o(Region$$Table)
    Region$$Table$$Limit                     0x08005568   Number         0  anon$$obj.o(Region$$Table)
    defaultTaskHandle                        0x20000000   Data           4  freertos.o(.data)
    uwTickFreq                               0x20000004   Data           1  stm32f1xx_hal.o(.data)
    uwTickPrio                               0x20000008   Data           4  stm32f1xx_hal.o(.data)
    uwTick                                   0x2000000c   Data           4  stm32f1xx_hal.o(.data)
    SystemCoreClock                          0x20000010   Data           4  system_stm32f1xx.o(.data)
    pxCurrentTCB                             0x20000014   Data           4  tasks.o(.data)
    KeyTaskHandle                            0x20000098   Data           4  user_tasksinit.o(.data)
    MenuTaskHandle                           0x2000009c   Data           4  user_tasksinit.o(.data)
    DisplayTaskHandle                        0x200000a0   Data           4  user_tasksinit.o(.data)
    CardCheckTaskHandle                      0x200000a4   Data           4  user_tasksinit.o(.data)
    Key_MessageQueue                         0x200000a8   Data           4  user_tasksinit.o(.data)
    Display_MessageQueue                     0x200000ac   Data           4  user_tasksinit.o(.data)
    currentIndex                             0x200000b0   Data           1  user_menutask.o(.data)
    lastIndex                                0x200000b1   Data           1  user_menutask.o(.data)
    currentPage                              0x200000b4   Data           4  user_menutask.o(.data)
    welcomePage                              0x200000b8   Data          48  user_menutask.o(.data)
    mainMenu                                 0x200000e8   Data          48  user_menutask.o(.data)
    fingerMenu                               0x20000118   Data          48  user_menutask.o(.data)
    cardMenu                                 0x20000148   Data          48  user_menutask.o(.data)
    systemMenu                               0x20000178   Data          48  user_menutask.o(.data)
    addFinger                                0x200001a8   Data          48  user_menutask.o(.data)
    delFinger                                0x200001d8   Data          48  user_menutask.o(.data)
    addCard                                  0x20000208   Data          48  user_menutask.o(.data)
    delCard                                  0x20000238   Data          48  user_menutask.o(.data)
    UI1                                      0x20000268   Data           4  user_cardchecktask.o(.data)
    UI2                                      0x2000026c   Data           4  user_cardchecktask.o(.data)
    UI4                                      0x20000270   Data           4  user_cardchecktask.o(.data)
    UID                                      0x20000274   Data           4  user_cardchecktask.o(.data)
    Temp                                     0x20000278   Data           4  user_cardchecktask.o(.data)
    hi2c1                                    0x2000027c   Data          84  i2c.o(.bss)
    htim2                                    0x200002d0   Data          72  tim.o(.bss)
    huart2                                   0x20000318   Data          72  usart.o(.bss)
    htim4                                    0x20000360   Data          72  stm32f1xx_hal_timebase_tim.o(.bss)
    xQueueRegistry                           0x200003a8   Data          64  queue.o(.bss)
    OLED_GRAM                                0x20001cfd   Data        1024  oled.o(.bss)
    oledmsg                                  0x20002100   Data          40  user_cardchecktask.o(.bss)
    __libspace_start                         0x20002128   Data          96  libspace.o(.bss)
    __temporary_stack_top$libspace           0x20002188   Data           0  libspace.o(.bss)



==============================================================================

Memory Map of the image

  Image Entry point : 0x080000ed

  Load Region LR_IROM1 (Base: 0x08000000, Size: 0x000057e4, Max: 0x00010000, ABSOLUTE, COMPRESSED[0x000055c0])

    Execution Region ER_IROM1 (Exec base: 0x08000000, Load base: 0x08000000, Size: 0x00005568, Max: 0x00010000, ABSOLUTE)

    Exec Addr    Load Addr    Size         Type   Attr      Idx    E Section Name        Object

    0x08000000   0x08000000   0x000000ec   Data   RO            3    RESET               startup_stm32f103xb.o
    0x080000ec   0x080000ec   0x00000008   Code   RO         5877  * !!!main             c_w.l(__main.o)
    0x080000f4   0x080000f4   0x00000034   Code   RO         6072    !!!scatter          c_w.l(__scatter.o)
    0x08000128   0x08000128   0x0000005a   Code   RO         6070    !!dczerorl2         c_w.l(__dczerorl2.o)
    0x08000182   0x08000182   0x00000002   PAD
    0x08000184   0x08000184   0x0000001c   Code   RO         6074    !!handler_zi        c_w.l(__scatter_zi.o)
    0x080001a0   0x080001a0   0x00000000   Code   RO         5860    .ARM.Collect$$_printf_percent$$00000000  c_w.l(_printf_percent.o)
    0x080001a0   0x080001a0   0x00000006   Code   RO         5859    .ARM.Collect$$_printf_percent$$00000009  c_w.l(_printf_d.o)
    0x080001a6   0x080001a6   0x00000004   Code   RO         5904    .ARM.Collect$$_printf_percent$$00000017  c_w.l(_printf_percent_end.o)
    0x080001aa   0x080001aa   0x00000002   Code   RO         5938    .ARM.Collect$$libinit$$00000000  c_w.l(libinit.o)
    0x080001ac   0x080001ac   0x00000000   Code   RO         5945    .ARM.Collect$$libinit$$00000002  c_w.l(libinit2.o)
    0x080001ac   0x080001ac   0x00000000   Code   RO         5947    .ARM.Collect$$libinit$$00000004  c_w.l(libinit2.o)
    0x080001ac   0x080001ac   0x00000000   Code   RO         5950    .ARM.Collect$$libinit$$0000000A  c_w.l(libinit2.o)
    0x080001ac   0x080001ac   0x00000000   Code   RO         5952    .ARM.Collect$$libinit$$0000000C  c_w.l(libinit2.o)
    0x080001ac   0x080001ac   0x00000000   Code   RO         5954    .ARM.Collect$$libinit$$0000000E  c_w.l(libinit2.o)
    0x080001ac   0x080001ac   0x00000000   Code   RO         5957    .ARM.Collect$$libinit$$00000011  c_w.l(libinit2.o)
    0x080001ac   0x080001ac   0x00000000   Code   RO         5959    .ARM.Collect$$libinit$$00000013  c_w.l(libinit2.o)
    0x080001ac   0x080001ac   0x00000000   Code   RO         5961    .ARM.Collect$$libinit$$00000015  c_w.l(libinit2.o)
    0x080001ac   0x080001ac   0x00000000   Code   RO         5963    .ARM.Collect$$libinit$$00000017  c_w.l(libinit2.o)
    0x080001ac   0x080001ac   0x00000000   Code   RO         5965    .ARM.Collect$$libinit$$00000019  c_w.l(libinit2.o)
    0x080001ac   0x080001ac   0x00000000   Code   RO         5967    .ARM.Collect$$libinit$$0000001B  c_w.l(libinit2.o)
    0x080001ac   0x080001ac   0x00000000   Code   RO         5969    .ARM.Collect$$libinit$$0000001D  c_w.l(libinit2.o)
    0x080001ac   0x080001ac   0x00000000   Code   RO         5971    .ARM.Collect$$libinit$$0000001F  c_w.l(libinit2.o)
    0x080001ac   0x080001ac   0x00000000   Code   RO         5973    .ARM.Collect$$libinit$$00000021  c_w.l(libinit2.o)
    0x080001ac   0x080001ac   0x00000000   Code   RO         5975    .ARM.Collect$$libinit$$00000023  c_w.l(libinit2.o)
    0x080001ac   0x080001ac   0x00000000   Code   RO         5977    .ARM.Collect$$libinit$$00000025  c_w.l(libinit2.o)
    0x080001ac   0x080001ac   0x00000000   Code   RO         5981    .ARM.Collect$$libinit$$0000002C  c_w.l(libinit2.o)
    0x080001ac   0x080001ac   0x00000000   Code   RO         5983    .ARM.Collect$$libinit$$0000002E  c_w.l(libinit2.o)
    0x080001ac   0x080001ac   0x00000000   Code   RO         5985    .ARM.Collect$$libinit$$00000030  c_w.l(libinit2.o)
    0x080001ac   0x080001ac   0x00000000   Code   RO         5987    .ARM.Collect$$libinit$$00000032  c_w.l(libinit2.o)
    0x080001ac   0x080001ac   0x00000002   Code   RO         5988    .ARM.Collect$$libinit$$00000033  c_w.l(libinit2.o)
    0x080001ae   0x080001ae   0x00000002   Code   RO         6008    .ARM.Collect$$libshutdown$$00000000  c_w.l(libshutdown.o)
    0x080001b0   0x080001b0   0x00000000   Code   RO         6021    .ARM.Collect$$libshutdown$$00000002  c_w.l(libshutdown2.o)
    0x080001b0   0x080001b0   0x00000000   Code   RO         6023    .ARM.Collect$$libshutdown$$00000004  c_w.l(libshutdown2.o)
    0x080001b0   0x080001b0   0x00000000   Code   RO         6025    .ARM.Collect$$libshutdown$$00000006  c_w.l(libshutdown2.o)
    0x080001b0   0x080001b0   0x00000000   Code   RO         6028    .ARM.Collect$$libshutdown$$00000009  c_w.l(libshutdown2.o)
    0x080001b0   0x080001b0   0x00000000   Code   RO         6031    .ARM.Collect$$libshutdown$$0000000C  c_w.l(libshutdown2.o)
    0x080001b0   0x080001b0   0x00000000   Code   RO         6033    .ARM.Collect$$libshutdown$$0000000E  c_w.l(libshutdown2.o)
    0x080001b0   0x080001b0   0x00000000   Code   RO         6036    .ARM.Collect$$libshutdown$$00000011  c_w.l(libshutdown2.o)
    0x080001b0   0x080001b0   0x00000002   Code   RO         6037    .ARM.Collect$$libshutdown$$00000012  c_w.l(libshutdown2.o)
    0x080001b2   0x080001b2   0x00000000   Code   RO         5897    .ARM.Collect$$rtentry$$00000000  c_w.l(__rtentry.o)
    0x080001b2   0x080001b2   0x00000000   Code   RO         5913    .ARM.Collect$$rtentry$$00000002  c_w.l(__rtentry2.o)
    0x080001b2   0x080001b2   0x00000006   Code   RO         5925    .ARM.Collect$$rtentry$$00000004  c_w.l(__rtentry4.o)
    0x080001b8   0x080001b8   0x00000000   Code   RO         5915    .ARM.Collect$$rtentry$$00000009  c_w.l(__rtentry2.o)
    0x080001b8   0x080001b8   0x00000004   Code   RO         5916    .ARM.Collect$$rtentry$$0000000A  c_w.l(__rtentry2.o)
    0x080001bc   0x080001bc   0x00000000   Code   RO         5918    .ARM.Collect$$rtentry$$0000000C  c_w.l(__rtentry2.o)
    0x080001bc   0x080001bc   0x00000008   Code   RO         5919    .ARM.Collect$$rtentry$$0000000D  c_w.l(__rtentry2.o)
    0x080001c4   0x080001c4   0x00000002   Code   RO         5942    .ARM.Collect$$rtexit$$00000000  c_w.l(rtexit.o)
    0x080001c6   0x080001c6   0x00000000   Code   RO         5990    .ARM.Collect$$rtexit$$00000002  c_w.l(rtexit2.o)
    0x080001c6   0x080001c6   0x00000004   Code   RO         5991    .ARM.Collect$$rtexit$$00000003  c_w.l(rtexit2.o)
    0x080001ca   0x080001ca   0x00000006   Code   RO         5992    .ARM.Collect$$rtexit$$00000004  c_w.l(rtexit2.o)
    0x080001d0   0x080001d0   0x00000096   Code   RO         5026    .emb_text           port.o
    0x08000266   0x08000266   0x00000002   PAD
    0x08000268   0x08000268   0x00000040   Code   RO            4    .text               startup_stm32f103xb.o
    0x080002a8   0x080002a8   0x00000028   Code   RO         5833    .text               c_w.l(noretval__2sprintf.o)
    0x080002d0   0x080002d0   0x00000068   Code   RO         5835    .text               c_w.l(__printf.o)
    0x08000338   0x08000338   0x00000078   Code   RO         5837    .text               c_w.l(_printf_dec.o)
    0x080003b0   0x080003b0   0x00000058   Code   RO         5861    .text               c_w.l(memcmp.o)
    0x08000408   0x08000408   0x00000048   Code   RO         5863    .text               c_w.l(strcpy.o)
    0x08000450   0x08000450   0x0000008a   Code   RO         5865    .text               c_w.l(rt_memcpy_v6.o)
    0x080004da   0x080004da   0x00000010   Code   RO         5869    .text               c_w.l(aeabi_memset.o)
    0x080004ea   0x080004ea   0x00000044   Code   RO         5871    .text               c_w.l(rt_memclr.o)
    0x0800052e   0x0800052e   0x0000004e   Code   RO         5873    .text               c_w.l(rt_memclr_w.o)
    0x0800057c   0x0800057c   0x00000006   Code   RO         5875    .text               c_w.l(heapauxi.o)
    0x08000582   0x08000582   0x000000b2   Code   RO         5898    .text               c_w.l(_printf_intcommon.o)
    0x08000634   0x08000634   0x00000030   Code   RO         5900    .text               c_w.l(_printf_char_common.o)
    0x08000664   0x08000664   0x0000000a   Code   RO         5902    .text               c_w.l(_sputc.o)
    0x0800066e   0x0800066e   0x00000064   Code   RO         5905    .text               c_w.l(rt_memcpy_w.o)
    0x080006d2   0x080006d2   0x0000004a   Code   RO         5929    .text               c_w.l(sys_stackheap_outer.o)
    0x0800071c   0x0800071c   0x00000012   Code   RO         5931    .text               c_w.l(exit.o)
    0x0800072e   0x0800072e   0x00000002   PAD
    0x08000730   0x08000730   0x00000008   Code   RO         5939    .text               c_w.l(libspace.o)
    0x08000738   0x08000738   0x0000000c   Code   RO         6000    .text               c_w.l(sys_exit.o)
    0x08000744   0x08000744   0x00000002   Code   RO         6011    .text               c_w.l(use_no_semi.o)
    0x08000746   0x08000746   0x00000000   Code   RO         6013    .text               c_w.l(indicate_semi.o)
    0x08000746   0x08000746   0x00000002   Code   RO          397    i.BusFault_Handler  stm32f1xx_it.o
    0x08000748   0x08000748   0x00000014   Code   RO         5791    i.CardCheckTask     user_cardchecktask.o
    0x0800075c   0x0800075c   0x00000018   Code   RO         5366    i.ClearBitMask      rc522.o
    0x08000774   0x08000774   0x00000002   Code   RO          398    i.DebugMon_Handler  stm32f1xx_it.o
    0x08000776   0x08000776   0x00000002   PAD
    0x08000778   0x08000778   0x00000118   Code   RO         5682    i.DisplayTask       user_displaytask.o
    0x08000890   0x08000890   0x00000004   Code   RO           13    i.Error_Handler     main.o
    0x08000894   0x08000894   0x000001e0   Code   RO         1850    i.HAL_GPIO_Init     stm32f1xx_hal_gpio.o
    0x08000a74   0x08000a74   0x0000000a   Code   RO         1852    i.HAL_GPIO_ReadPin  stm32f1xx_hal_gpio.o
    0x08000a7e   0x08000a7e   0x0000000a   Code   RO         1854    i.HAL_GPIO_WritePin  stm32f1xx_hal_gpio.o
    0x08000a88   0x08000a88   0x0000000c   Code   RO         1544    i.HAL_GetTick       stm32f1xx_hal.o
    0x08000a94   0x08000a94   0x00000188   Code   RO         2521    i.HAL_I2C_Init      stm32f1xx_hal_i2c.o
    0x08000c1c   0x08000c1c   0x0000012c   Code   RO         2534    i.HAL_I2C_Master_Transmit  stm32f1xx_hal_i2c.o
    0x08000d48   0x08000d48   0x0000005c   Code   RO          266    i.HAL_I2C_MspInit   i2c.o
    0x08000da4   0x08000da4   0x00000010   Code   RO         1550    i.HAL_IncTick       stm32f1xx_hal.o
    0x08000db4   0x08000db4   0x00000024   Code   RO         1551    i.HAL_Init          stm32f1xx_hal.o
    0x08000dd8   0x08000dd8   0x00000098   Code   RO          485    i.HAL_InitTick      stm32f1xx_hal_timebase_tim.o
    0x08000e70   0x08000e70   0x00000048   Code   RO          461    i.HAL_MspInit       stm32f1xx_hal_msp.o
    0x08000eb8   0x08000eb8   0x0000001a   Code   RO         2010    i.HAL_NVIC_EnableIRQ  stm32f1xx_hal_cortex.o
    0x08000ed2   0x08000ed2   0x00000002   PAD
    0x08000ed4   0x08000ed4   0x00000040   Code   RO         2016    i.HAL_NVIC_SetPriority  stm32f1xx_hal_cortex.o
    0x08000f14   0x08000f14   0x00000024   Code   RO         2017    i.HAL_NVIC_SetPriorityGrouping  stm32f1xx_hal_cortex.o
    0x08000f38   0x08000f38   0x0000012c   Code   RO         1708    i.HAL_RCC_ClockConfig  stm32f1xx_hal_rcc.o
    0x08001064   0x08001064   0x00000040   Code   RO         1712    i.HAL_RCC_GetClockConfig  stm32f1xx_hal_rcc.o
    0x080010a4   0x080010a4   0x00000020   Code   RO         1715    i.HAL_RCC_GetPCLK1Freq  stm32f1xx_hal_rcc.o
    0x080010c4   0x080010c4   0x00000020   Code   RO         1716    i.HAL_RCC_GetPCLK2Freq  stm32f1xx_hal_rcc.o
    0x080010e4   0x080010e4   0x0000004c   Code   RO         1717    i.HAL_RCC_GetSysClockFreq  stm32f1xx_hal_rcc.o
    0x08001130   0x08001130   0x00000320   Code   RO         1720    i.HAL_RCC_OscConfig  stm32f1xx_hal_rcc.o
    0x08001450   0x08001450   0x00000002   Code   RO         1266    i.HAL_TIMEx_BreakCallback  stm32f1xx_hal_tim_ex.o
    0x08001452   0x08001452   0x00000002   Code   RO         1267    i.HAL_TIMEx_CommutCallback  stm32f1xx_hal_tim_ex.o
    0x08001454   0x08001454   0x00000068   Code   RO         1285    i.HAL_TIMEx_MasterConfigSynchronization  stm32f1xx_hal_tim_ex.o
    0x080014bc   0x080014bc   0x0000005a   Code   RO          562    i.HAL_TIM_Base_Init  stm32f1xx_hal_tim.o
    0x08001516   0x08001516   0x00000002   Code   RO          564    i.HAL_TIM_Base_MspInit  stm32f1xx_hal_tim.o
    0x08001518   0x08001518   0x00000058   Code   RO          567    i.HAL_TIM_Base_Start_IT  stm32f1xx_hal_tim.o
    0x08001570   0x08001570   0x00000002   Code   RO          596    i.HAL_TIM_IC_CaptureCallback  stm32f1xx_hal_tim.o
    0x08001572   0x08001572   0x00000130   Code   RO          610    i.HAL_TIM_IRQHandler  stm32f1xx_hal_tim.o
    0x080016a2   0x080016a2   0x00000002   PAD
    0x080016a4   0x080016a4   0x00000044   Code   RO          307    i.HAL_TIM_MspPostInit  tim.o
    0x080016e8   0x080016e8   0x00000002   Code   RO          613    i.HAL_TIM_OC_DelayElapsedCallback  stm32f1xx_hal_tim.o
    0x080016ea   0x080016ea   0x000000cc   Code   RO          634    i.HAL_TIM_PWM_ConfigChannel  stm32f1xx_hal_tim.o
    0x080017b6   0x080017b6   0x0000005a   Code   RO          637    i.HAL_TIM_PWM_Init  stm32f1xx_hal_tim.o
    0x08001810   0x08001810   0x00000024   Code   RO          309    i.HAL_TIM_PWM_MspInit  tim.o
    0x08001834   0x08001834   0x00000002   Code   RO          640    i.HAL_TIM_PWM_PulseFinishedCallback  stm32f1xx_hal_tim.o
    0x08001836   0x08001836   0x00000002   PAD
    0x08001838   0x08001838   0x0000009c   Code   RO          642    i.HAL_TIM_PWM_Start  stm32f1xx_hal_tim.o
    0x080018d4   0x080018d4   0x00000014   Code   RO           14    i.HAL_TIM_PeriodElapsedCallback  main.o
    0x080018e8   0x080018e8   0x00000002   Code   RO          653    i.HAL_TIM_TriggerCallback  stm32f1xx_hal_tim.o
    0x080018ea   0x080018ea   0x00000064   Code   RO         2977    i.HAL_UART_Init     stm32f1xx_hal_uart.o
    0x0800194e   0x0800194e   0x00000002   PAD
    0x08001950   0x08001950   0x00000070   Code   RO          356    i.HAL_UART_MspInit  usart.o
    0x080019c0   0x080019c0   0x00000002   Code   RO          399    i.HardFault_Handler  stm32f1xx_it.o
    0x080019c2   0x080019c2   0x0000002e   Code   RO         2564    i.I2C_IsAcknowledgeFailed  stm32f1xx_hal_i2c.o
    0x080019f0   0x080019f0   0x0000009c   Code   RO         2568    i.I2C_MasterRequestWrite  stm32f1xx_hal_i2c.o
    0x08001a8c   0x08001a8c   0x00000056   Code   RO         2579    i.I2C_WaitOnBTFFlagUntilTimeout  stm32f1xx_hal_i2c.o
    0x08001ae2   0x08001ae2   0x00000002   PAD
    0x08001ae4   0x08001ae4   0x00000090   Code   RO         2580    i.I2C_WaitOnFlagUntilTimeout  stm32f1xx_hal_i2c.o
    0x08001b74   0x08001b74   0x000000bc   Code   RO         2581    i.I2C_WaitOnMasterAddressFlagUntilTimeout  stm32f1xx_hal_i2c.o
    0x08001c30   0x08001c30   0x00000056   Code   RO         2583    i.I2C_WaitOnTXEFlagUntilTimeout  stm32f1xx_hal_i2c.o
    0x08001c86   0x08001c86   0x00000002   PAD
    0x08001c88   0x08001c88   0x000000b4   Code   RO         5106    i.KeyScan           key.o
    0x08001d3c   0x08001d3c   0x00000060   Code   RO         5583    i.KeyTask           user_keytask.o
    0x08001d9c   0x08001d9c   0x00000060   Code   RO         5107    i.Key_Port_Init     key.o
    0x08001dfc   0x08001dfc   0x00000058   Code   RO         5367    i.M500PcdConfigISOType  rc522.o
    0x08001e54   0x08001e54   0x00000024   Code   RO          218    i.MX_FREERTOS_Init  freertos.o
    0x08001e78   0x08001e78   0x0000003c   Code   RO          194    i.MX_GPIO_Init      gpio.o
    0x08001eb4   0x08001eb4   0x00000040   Code   RO          267    i.MX_I2C1_Init      i2c.o
    0x08001ef4   0x08001ef4   0x00000070   Code   RO          310    i.MX_TIM2_Init      tim.o
    0x08001f64   0x08001f64   0x00000038   Code   RO          357    i.MX_USART2_UART_Init  usart.o
    0x08001f9c   0x08001f9c   0x00000002   Code   RO          400    i.MemManage_Handler  stm32f1xx_it.o
    0x08001f9e   0x08001f9e   0x00000002   PAD
    0x08001fa0   0x08001fa0   0x0000006c   Code   RO         5710    i.MenuTask          user_menutask.o
    0x0800200c   0x0800200c   0x00000002   Code   RO          401    i.NMI_Handler       stm32f1xx_it.o
    0x0800200e   0x0800200e   0x00000012   Code   RO         5146    i.OLED_DrawImage    oled.o
    0x08002020   0x08002020   0x000000b6   Code   RO         5150    i.OLED_Init         oled.o
    0x080020d6   0x080020d6   0x00000002   PAD
    0x080020d8   0x080020d8   0x00000010   Code   RO         5151    i.OLED_NewFrame     oled.o
    0x080020e8   0x080020e8   0x00000020   Code   RO         5152    i.OLED_PrintASCIIChar  oled.o
    0x08002108   0x08002108   0x000000b6   Code   RO         5154    i.OLED_PrintString  oled.o
    0x080021be   0x080021be   0x00000002   PAD
    0x080021c0   0x080021c0   0x0000001c   Code   RO         5155    i.OLED_Send         oled.o
    0x080021dc   0x080021dc   0x00000010   Code   RO         5156    i.OLED_SendCmd      oled.o
    0x080021ec   0x080021ec   0x00000048   Code   RO         5157    i.OLED_SetBits      oled.o
    0x08002234   0x08002234   0x00000068   Code   RO         5158    i.OLED_SetBits_Fine  oled.o
    0x0800229c   0x0800229c   0x00000088   Code   RO         5159    i.OLED_SetBlock     oled.o
    0x08002324   0x08002324   0x00000048   Code   RO         5161    i.OLED_SetByte_Fine  oled.o
    0x0800236c   0x0800236c   0x00000050   Code   RO         5164    i.OLED_ShowFrame    oled.o
    0x080023bc   0x080023bc   0x00000008   Code   RO         5368    i.PcdAntennaOff     rc522.o
    0x080023c4   0x080023c4   0x0000001a   Code   RO         5369    i.PcdAntennaOn      rc522.o
    0x080023de   0x080023de   0x0000006a   Code   RO         5370    i.PcdAnticoll       rc522.o
    0x08002448   0x08002448   0x00000116   Code   RO         5372    i.PcdComMF522       rc522.o
    0x0800255e   0x0800255e   0x00000002   PAD
    0x08002560   0x08002560   0x00000090   Code   RO         5374    i.PcdInit           rc522.o
    0x080025f0   0x080025f0   0x00000050   Code   RO         5376    i.PcdRequest        rc522.o
    0x08002640   0x08002640   0x00000078   Code   RO         5377    i.PcdReset          rc522.o
    0x080026b8   0x080026b8   0x00000180   Code   RO         5792    i.RC522_Check       user_cardchecktask.o
    0x08002838   0x08002838   0x00000020   Code   RO         5380    i.RFID_Init         rc522.o
    0x08002858   0x08002858   0x000000ac   Code   RO         5381    i.ReadRawRC         rc522.o
    0x08002904   0x08002904   0x00000018   Code   RO         5508    i.Servo_Init        servo.o
    0x0800291c   0x0800291c   0x00000024   Code   RO         5509    i.Servo_SetAngle    servo.o
    0x08002940   0x08002940   0x00000018   Code   RO         5382    i.SetBitMask        rc522.o
    0x08002958   0x08002958   0x00000008   Code   RO          219    i.StartDefaultTask  freertos.o
    0x08002960   0x08002960   0x0000001a   Code   RO         4458    i.SysTick_Handler   cmsis_os2.o
    0x0800297a   0x0800297a   0x0000005e   Code   RO           15    i.SystemClock_Config  main.o
    0x080029d8   0x080029d8   0x00000002   Code   RO         3311    i.SystemInit        system_stm32f1xx.o
    0x080029da   0x080029da   0x00000002   PAD
    0x080029dc   0x080029dc   0x0000000c   Code   RO          402    i.TIM4_IRQHandler   stm32f1xx_it.o
    0x080029e8   0x080029e8   0x00000078   Code   RO          655    i.TIM_Base_SetConfig  stm32f1xx_hal_tim.o
    0x08002a60   0x08002a60   0x0000001a   Code   RO          656    i.TIM_CCxChannelCmd  stm32f1xx_hal_tim.o
    0x08002a7a   0x08002a7a   0x00000002   PAD
    0x08002a7c   0x08002a7c   0x00000050   Code   RO          668    i.TIM_OC1_SetConfig  stm32f1xx_hal_tim.o
    0x08002acc   0x08002acc   0x00000058   Code   RO          669    i.TIM_OC2_SetConfig  stm32f1xx_hal_tim.o
    0x08002b24   0x08002b24   0x00000058   Code   RO          670    i.TIM_OC3_SetConfig  stm32f1xx_hal_tim.o
    0x08002b7c   0x08002b7c   0x00000044   Code   RO          671    i.TIM_OC4_SetConfig  stm32f1xx_hal_tim.o
    0x08002bc0   0x08002bc0   0x000000b8   Code   RO         3003    i.UART_SetConfig    stm32f1xx_hal_uart.o
    0x08002c78   0x08002c78   0x00000002   Code   RO          403    i.UsageFault_Handler  stm32f1xx_it.o
    0x08002c7a   0x08002c7a   0x00000002   PAD
    0x08002c7c   0x08002c7c   0x0000006c   Code   RO         5630    i.User_Tasks_Init   user_tasksinit.o
    0x08002ce8   0x08002ce8   0x0000002c   Code   RO         5383    i.WaitCardOff       rc522.o
    0x08002d14   0x08002d14   0x000000b0   Code   RO         5384    i.WriteRawRC        rc522.o
    0x08002dc4   0x08002dc4   0x00000032   Code   RO         5165    i._OLED_GetUTF8Len  oled.o
    0x08002df6   0x08002df6   0x00000020   Code   RO         2023    i.__NVIC_SetPriority  stm32f1xx_hal_cortex.o
    0x08002e16   0x08002e16   0x00000002   Code   RO         5711    i.addCardAction     user_menutask.o
    0x08002e18   0x08002e18   0x00000002   Code   RO         5712    i.addFingerAction   user_menutask.o
    0x08002e1a   0x08002e1a   0x00000002   Code   RO         5713    i.delCardAction     user_menutask.o
    0x08002e1c   0x08002e1c   0x00000002   Code   RO         5714    i.delFingerAction   user_menutask.o
    0x08002e1e   0x08002e1e   0x0000001c   Code   RO         5385    i.delay_10ms        rc522.o
    0x08002e3a   0x08002e3a   0x00000002   PAD
    0x08002e3c   0x08002e3c   0x000000bc   Code   RO         5715    i.initMenu          user_menutask.o
    0x08002ef8   0x08002ef8   0x00000026   Code   RO           16    i.main              main.o
    0x08002f1e   0x08002f1e   0x00000002   PAD
    0x08002f20   0x08002f20   0x00000018   Code   RO         5716    i.menuBack          user_menutask.o
    0x08002f38   0x08002f38   0x00000028   Code   RO         5717    i.menuEnter         user_menutask.o
    0x08002f60   0x08002f60   0x00000020   Code   RO         5718    i.menuNext          user_menutask.o
    0x08002f80   0x08002f80   0x00000024   Code   RO         5719    i.menuPrev          user_menutask.o
    0x08002fa4   0x08002fa4   0x0000001a   Code   RO         4460    i.osDelay           cmsis_os2.o
    0x08002fbe   0x08002fbe   0x00000002   PAD
    0x08002fc0   0x08002fc0   0x00000024   Code   RO         4474    i.osKernelInitialize  cmsis_os2.o
    0x08002fe4   0x08002fe4   0x00000038   Code   RO         4477    i.osKernelStart     cmsis_os2.o
    0x0800301c   0x0800301c   0x00000064   Code   RO         4489    i.osMessageQueueGet  cmsis_os2.o
    0x08003080   0x08003080   0x00000058   Code   RO         4494    i.osMessageQueueNew  cmsis_os2.o
    0x080030d8   0x080030d8   0x00000068   Code   RO         4495    i.osMessageQueuePut  cmsis_os2.o
    0x08003140   0x08003140   0x0000008a   Code   RO         4519    i.osThreadNew       cmsis_os2.o
    0x080031ca   0x080031ca   0x00000002   PAD
    0x080031cc   0x080031cc   0x0000005c   Code   RO         3919    i.prvAddCurrentTaskToDelayedList  tasks.o
    0x08003228   0x08003228   0x000000d0   Code   RO         3920    i.prvAddNewTaskToReadyList  tasks.o
    0x080032f8   0x080032f8   0x00000058   Code   RO         4284    i.prvCheckForValidListAndQueue  timers.o
    0x08003350   0x08003350   0x00000026   Code   RO         3516    i.prvCopyDataFromQueue  queue.o
    0x08003376   0x08003376   0x0000006c   Code   RO         3517    i.prvCopyDataToQueue  queue.o
    0x080033e2   0x080033e2   0x00000034   Code   RO         3921    i.prvDeleteTCB      tasks.o
    0x08003416   0x08003416   0x00000002   PAD
    0x08003418   0x08003418   0x0000004c   Code   RO         4971    i.prvHeapInit       heap_4.o
    0x08003464   0x08003464   0x00000060   Code   RO         3922    i.prvIdleTask       tasks.o
    0x080034c4   0x080034c4   0x00000022   Code   RO         3519    i.prvInitialiseNewQueue  queue.o
    0x080034e6   0x080034e6   0x00000002   PAD
    0x080034e8   0x080034e8   0x000000b0   Code   RO         3923    i.prvInitialiseNewTask  tasks.o
    0x08003598   0x08003598   0x0000004c   Code   RO         4972    i.prvInsertBlockIntoFreeList  heap_4.o
    0x080035e4   0x080035e4   0x00000038   Code   RO         4286    i.prvInsertTimerInActiveList  timers.o
    0x0800361c   0x0800361c   0x0000001c   Code   RO         3520    i.prvIsQueueEmpty   queue.o
    0x08003638   0x08003638   0x000000fc   Code   RO         4287    i.prvProcessReceivedCommands  timers.o
    0x08003734   0x08003734   0x000000c0   Code   RO         4288    i.prvProcessTimerOrBlockTask  timers.o
    0x080037f4   0x080037f4   0x00000020   Code   RO         3925    i.prvResetNextTaskUnblockTime  tasks.o
    0x08003814   0x08003814   0x00000028   Code   RO         4289    i.prvSampleTimeNow  timers.o
    0x0800383c   0x0800383c   0x0000006c   Code   RO         4290    i.prvSwitchTimerLists  timers.o
    0x080038a8   0x080038a8   0x00000028   Code   RO         5027    i.prvTaskExitError  port.o
    0x080038d0   0x080038d0   0x00000024   Code   RO         4291    i.prvTimerTask      timers.o
    0x080038f4   0x080038f4   0x0000006a   Code   RO         3521    i.prvUnlockQueue    queue.o
    0x0800395e   0x0800395e   0x00000002   PAD
    0x08003960   0x08003960   0x000000dc   Code   RO         4973    i.pvPortMalloc      heap_4.o
    0x08003a3c   0x08003a3c   0x00000024   Code   RO         5028    i.pxPortInitialiseStack  port.o
    0x08003a60   0x08003a60   0x00000026   Code   RO         3476    i.uxListRemove      list.o
    0x08003a86   0x08003a86   0x00000002   PAD
    0x08003a88   0x08003a88   0x00000014   Code   RO         4531    i.vApplicationGetIdleTaskMemory  cmsis_os2.o
    0x08003a9c   0x08003a9c   0x00000018   Code   RO         4532    i.vApplicationGetTimerTaskMemory  cmsis_os2.o
    0x08003ab4   0x08003ab4   0x00000016   Code   RO         3477    i.vListInitialise   list.o
    0x08003aca   0x08003aca   0x00000006   Code   RO         3478    i.vListInitialiseItem  list.o
    0x08003ad0   0x08003ad0   0x00000030   Code   RO         3479    i.vListInsert       list.o
    0x08003b00   0x08003b00   0x00000018   Code   RO         3480    i.vListInsertEnd    list.o
    0x08003b18   0x08003b18   0x00000040   Code   RO         5030    i.vPortEnterCritical  port.o
    0x08003b58   0x08003b58   0x00000028   Code   RO         5031    i.vPortExitCritical  port.o
    0x08003b80   0x08003b80   0x00000064   Code   RO         4974    i.vPortFree         heap_4.o
    0x08003be4   0x08003be4   0x00000024   Code   RO         5032    i.vPortSetupTimerInterrupt  port.o
    0x08003c08   0x08003c08   0x00000054   Code   RO         5033    i.vPortValidateInterruptPriority  port.o
    0x08003c5c   0x08003c5c   0x00000028   Code   RO         3527    i.vQueueAddToRegistry  queue.o
    0x08003c84   0x08003c84   0x00000044   Code   RO         3531    i.vQueueWaitForMessageRestricted  queue.o
    0x08003cc8   0x08003cc8   0x0000004c   Code   RO         3938    i.vTaskDelay        tasks.o
    0x08003d14   0x08003d14   0x00000010   Code   RO         3943    i.vTaskInternalSetTimeOutState  tasks.o
    0x08003d24   0x08003d24   0x0000000c   Code   RO         3944    i.vTaskMissedYield  tasks.o
    0x08003d30   0x08003d30   0x00000030   Code   RO         3946    i.vTaskPlaceOnEventList  tasks.o
    0x08003d60   0x08003d60   0x00000038   Code   RO         3947    i.vTaskPlaceOnEventListRestricted  tasks.o
    0x08003d98   0x08003d98   0x00000088   Code   RO         3955    i.vTaskStartScheduler  tasks.o
    0x08003e20   0x08003e20   0x00000010   Code   RO         3957    i.vTaskSuspendAll   tasks.o
    0x08003e30   0x08003e30   0x00000064   Code   RO         3958    i.vTaskSwitchContext  tasks.o
    0x08003e94   0x08003e94   0x000000a8   Code   RO         5034    i.xPortStartScheduler  port.o
    0x08003f3c   0x08003f3c   0x0000002c   Code   RO         5035    i.xPortSysTickHandler  port.o
    0x08003f68   0x08003f68   0x00000042   Code   RO         3536    i.xQueueGenericCreate  queue.o
    0x08003faa   0x08003faa   0x00000066   Code   RO         3537    i.xQueueGenericCreateStatic  queue.o
    0x08004010   0x08004010   0x00000088   Code   RO         3538    i.xQueueGenericReset  queue.o
    0x08004098   0x08004098   0x00000160   Code   RO         3539    i.xQueueGenericSend  queue.o
    0x080041f8   0x080041f8   0x000000be   Code   RO         3540    i.xQueueGenericSendFromISR  queue.o
    0x080042b6   0x080042b6   0x00000002   PAD
    0x080042b8   0x080042b8   0x00000138   Code   RO         3549    i.xQueueReceive     queue.o
    0x080043f0   0x080043f0   0x0000009a   Code   RO         3550    i.xQueueReceiveFromISR  queue.o
    0x0800448a   0x0800448a   0x00000002   PAD
    0x0800448c   0x0800448c   0x00000074   Code   RO         3960    i.xTaskCheckForTimeOut  tasks.o
    0x08004500   0x08004500   0x0000005a   Code   RO         3961    i.xTaskCreate       tasks.o
    0x0800455a   0x0800455a   0x00000056   Code   RO         3962    i.xTaskCreateStatic  tasks.o
    0x080045b0   0x080045b0   0x0000001c   Code   RO         3966    i.xTaskGetSchedulerState  tasks.o
    0x080045cc   0x080045cc   0x0000000c   Code   RO         3967    i.xTaskGetTickCount  tasks.o
    0x080045d8   0x080045d8   0x000000c8   Code   RO         3969    i.xTaskIncrementTick  tasks.o
    0x080046a0   0x080046a0   0x00000080   Code   RO         3972    i.xTaskPriorityDisinherit  tasks.o
    0x08004720   0x08004720   0x00000070   Code   RO         3974    i.xTaskRemoveFromEventList  tasks.o
    0x08004790   0x08004790   0x000000c4   Code   RO         3975    i.xTaskResumeAll    tasks.o
    0x08004854   0x08004854   0x00000060   Code   RO         4300    i.xTimerCreateTimerTask  timers.o
    0x080048b4   0x080048b4   0x00000068   Code   RO         4301    i.xTimerGenericCommand  timers.o
    0x0800491c   0x0800491c   0x00000024   Data   RO          220    .constdata          freertos.o
    0x08004940   0x08004940   0x00000012   Data   RO         1721    .constdata          stm32f1xx_hal_rcc.o
    0x08004952   0x08004952   0x00000010   Data   RO         3312    .constdata          system_stm32f1xx.o
    0x08004962   0x08004962   0x00000008   Data   RO         3313    .constdata          system_stm32f1xx.o
    0x0800496a   0x0800496a   0x000005f0   Data   RO         5336    .constdata          font.o
    0x08004f5a   0x08004f5a   0x00000002   PAD
    0x08004f5c   0x08004f5c   0x00000008   Data   RO         5337    .constdata          font.o
    0x08004f64   0x08004f64   0x00000090   Data   RO         5340    .constdata          font.o
    0x08004ff4   0x08004ff4   0x00000010   Data   RO         5341    .constdata          font.o
    0x08005004   0x08005004   0x00000400   Data   RO         5344    .constdata          font.o
    0x08005404   0x08005404   0x00000008   Data   RO         5345    .constdata          font.o
    0x0800540c   0x0800540c   0x00000090   Data   RO         5631    .constdata          user_tasksinit.o
    0x0800549c   0x0800549c   0x0000000c   Data   RO          221    .conststring        freertos.o
    0x080054a8   0x080054a8   0x00000030   Data   RO         5632    .conststring        user_tasksinit.o
    0x080054d8   0x080054d8   0x00000070   Data   RO         5720    .conststring        user_menutask.o
    0x08005548   0x08005548   0x00000020   Data   RO         6068    Region$$Table       anon$$obj.o


    Execution Region RW_IRAM1 (Exec base: 0x20000000, Load base: 0x08005568, Size: 0x00002788, Max: 0x00005000, ABSOLUTE, COMPRESSED[0x00000058])

    Exec Addr    Load Addr    Size         Type   Attr      Idx    E Section Name        Object

    0x20000000   COMPRESSED   0x00000004   Data   RW          222    .data               freertos.o
    0x20000004   COMPRESSED   0x0000000c   Data   RW         1558    .data               stm32f1xx_hal.o
    0x20000010   COMPRESSED   0x00000004   Data   RW         3314    .data               system_stm32f1xx.o
    0x20000014   COMPRESSED   0x0000003c   Data   RW         3978    .data               tasks.o
    0x20000050   COMPRESSED   0x00000014   Data   RW         4309    .data               timers.o
    0x20000064   COMPRESSED   0x00000004   Data   RW         4534    .data               cmsis_os2.o
    0x20000068   COMPRESSED   0x00000020   Data   RW         4980    .data               heap_4.o
    0x20000088   COMPRESSED   0x0000000c   Data   RW         5036    .data               port.o
    0x20000094   COMPRESSED   0x00000004   Data   RW         5167    .data               oled.o
    0x20000098   COMPRESSED   0x00000018   Data   RW         5633    .data               user_tasksinit.o
    0x200000b0   COMPRESSED   0x000001b8   Data   RW         5721    .data               user_menutask.o
    0x20000268   COMPRESSED   0x00000014   Data   RW         5794    .data               user_cardchecktask.o
    0x2000027c        -       0x00000054   Zero   RW          268    .bss                i2c.o
    0x200002d0        -       0x00000048   Zero   RW          311    .bss                tim.o
    0x20000318        -       0x00000048   Zero   RW          358    .bss                usart.o
    0x20000360        -       0x00000048   Zero   RW          488    .bss                stm32f1xx_hal_timebase_tim.o
    0x200003a8        -       0x00000040   Zero   RW         3553    .bss                queue.o
    0x200003e8        -       0x000004c4   Zero   RW         3977    .bss                tasks.o
    0x200008ac        -       0x00000118   Zero   RW         4308    .bss                timers.o
    0x200009c4        -       0x000006b8   Zero   RW         4533    .bss                cmsis_os2.o
    0x2000107c        -       0x00000c00   Zero   RW         4979    .bss                heap_4.o
    0x20001c7c        -       0x00000481   Zero   RW         5166    .bss                oled.o
    0x200020fd   COMPRESSED   0x00000003   PAD
    0x20002100        -       0x00000028   Zero   RW         5793    .bss                user_cardchecktask.o
    0x20002128        -       0x00000060   Zero   RW         5940    .bss                c_w.l(libspace.o)
    0x20002188        -       0x00000200   Zero   RW            2    HEAP                startup_stm32f103xb.o
    0x20002388        -       0x00000400   Zero   RW            1    STACK               startup_stm32f103xb.o


==============================================================================

Image component sizes


      Code (inc. data)   RO Data    RW Data    ZI Data      Debug   Object Name

       618         30          0          4       1720      61475   cmsis_os2.o
         0          0          0          0          0      19560   event_groups.o
         0          0       2720          0          0       1868   font.o
        44         14         48          4          0       1661   freertos.o
        60          6          0          0          0        791   gpio.o
       472         24          0         32       3072       4687   heap_4.o
       156         26          0          0         84       1577   i2c.o
       276         22          0          0          0       1490   key.o
       138          0          0          0          0       3322   list.o
       156          6          0          0          0     446552   main.o
       988         30          0          4       1153      11776   oled.o
       662         70          0         12          0      10573   port.o
      1734         20          0          0         64      19257   queue.o
      1350         36          0          0          0       9744   rc522.o
        60          8          0          0          0       1238   servo.o
        64         26        236          0       1536        796   startup_stm32f103xb.o
        64         14          0         12          0       4558   stm32f1xx_hal.o
       158         14          0          0          0      28122   stm32f1xx_hal_cortex.o
       500         34          0          0          0       3463   stm32f1xx_hal_gpio.o
      1398         32          0          0          0       8985   stm32f1xx_hal_i2c.o
        72         10          0          0          0        842   stm32f1xx_hal_msp.o
      1304         94         18          0          0       5653   stm32f1xx_hal_rcc.o
      1412         56          0          0          0      12703   stm32f1xx_hal_tim.o
       108         12          0          0          0       2353   stm32f1xx_hal_tim_ex.o
       152         20          0          0         72       1439   stm32f1xx_hal_timebase_tim.o
       284          6          0          0          0       1892   stm32f1xx_hal_uart.o
        24          6          0          0          0       2931   stm32f1xx_it.o
         0          0          0          0          0        400   stream_buffer.o
         2          0         24          4          0       1079   system_stm32f1xx.o
      2084        168          0         60       1220      25848   tasks.o
       216         20          0          0         72       2147   tim.o
       972         80          0         20        280      31823   timers.o
       168         22          0          0         72       1630   usart.o
       404         38          0         20         40       2284   user_cardchecktask.o
       280         26          0          0          0       1118   user_displaytask.o
        96          4          0          0          0       1498   user_keytask.o
       436         36        112        440          0       5655   user_menutask.o
       108         24        192         24          0       1712   user_tasksinit.o

    ----------------------------------------------------------------------
     17070       1034       3384        636       9388     744502   Object Totals
         0          0         32          0          0          0   (incl. Generated)
        50          0          2          0          3          0   (incl. Padding)

    ----------------------------------------------------------------------

      Code (inc. data)   RO Data    RW Data    ZI Data      Debug   Library Member Name

        90          0          0          0          0          0   __dczerorl2.o
         8          0          0          0          0         68   __main.o
       104          0          0          0          0         84   __printf.o
         0          0          0          0          0          0   __rtentry.o
        12          0          0          0          0          0   __rtentry2.o
         6          0          0          0          0          0   __rtentry4.o
        52          8          0          0          0          0   __scatter.o
        28          0          0          0          0          0   __scatter_zi.o
        48          6          0          0          0         96   _printf_char_common.o
         6          0          0          0          0          0   _printf_d.o
       120         16          0          0          0         92   _printf_dec.o
       178          0          0          0          0         88   _printf_intcommon.o
         0          0          0          0          0          0   _printf_percent.o
         4          0          0          0          0          0   _printf_percent_end.o
        10          0          0          0          0         68   _sputc.o
        16          0          0          0          0         68   aeabi_memset.o
        18          0          0          0          0         80   exit.o
         6          0          0          0          0        152   heapauxi.o
         0          0          0          0          0          0   indicate_semi.o
         2          0          0          0          0          0   libinit.o
         2          0          0          0          0          0   libinit2.o
         2          0          0          0          0          0   libshutdown.o
         2          0          0          0          0          0   libshutdown2.o
         8          4          0          0         96         68   libspace.o
        88          0          0          0          0         76   memcmp.o
        40          6          0          0          0         84   noretval__2sprintf.o
        68          0          0          0          0         68   rt_memclr.o
        78          0          0          0          0         80   rt_memclr_w.o
       138          0          0          0          0         68   rt_memcpy_v6.o
       100          0          0          0          0         80   rt_memcpy_w.o
         2          0          0          0          0          0   rtexit.o
        10          0          0          0          0          0   rtexit2.o
        72          0          0          0          0         80   strcpy.o
        12          4          0          0          0         68   sys_exit.o
        74          0          0          0          0         80   sys_stackheap_outer.o
         2          0          0          0          0         68   use_no_semi.o

    ----------------------------------------------------------------------
      1410         44          0          0         96       1616   Library Totals
         4          0          0          0          0          0   (incl. Padding)

    ----------------------------------------------------------------------

      Code (inc. data)   RO Data    RW Data    ZI Data      Debug   Library Name

      1406         44          0          0         96       1616   c_w.l

    ----------------------------------------------------------------------
      1410         44          0          0         96       1616   Library Totals

    ----------------------------------------------------------------------

==============================================================================


      Code (inc. data)   RO Data    RW Data    ZI Data      Debug   

     18480       1078       3384        636       9484     735662   Grand Totals
     18480       1078       3384         88       9484     735662   ELF Image Totals (compressed)
     18480       1078       3384         88          0          0   ROM Totals

==============================================================================

    Total RO  Size (Code + RO Data)                21864 (  21.35kB)
    Total RW  Size (RW Data + ZI Data)             10120 (   9.88kB)
    Total ROM Size (Code + RO Data + RW Data)      21952 (  21.44kB)

==============================================================================

